Component: ARM Compiler 5.06 update 7 (build 960) Tool: armlink [4d3601]

==============================================================================

Section Cross References

    startup_stm32f401xc.o(STACK) refers (Special) to heapauxi.o(.text) for __use_two_region_memory
    startup_stm32f401xc.o(HEAP) refers (Special) to heapauxi.o(.text) for __use_two_region_memory
    startup_stm32f401xc.o(RESET) refers (Special) to heapauxi.o(.text) for __use_two_region_memory
    startup_stm32f401xc.o(RESET) refers to startup_stm32f401xc.o(STACK) for __initial_sp
    startup_stm32f401xc.o(RESET) refers to startup_stm32f401xc.o(.text) for Reset_Handler
    startup_stm32f401xc.o(RESET) refers to stm32f4xx_it.o(i.NMI_Handler) for NMI_Handler
    startup_stm32f401xc.o(RESET) refers to stm32f4xx_it.o(i.HardFault_Handler) for HardFault_Handler
    startup_stm32f401xc.o(RESET) refers to stm32f4xx_it.o(i.MemManage_Handler) for MemManage_Handler
    startup_stm32f401xc.o(RESET) refers to stm32f4xx_it.o(i.BusFault_Handler) for BusFault_Handler
    startup_stm32f401xc.o(RESET) refers to stm32f4xx_it.o(i.UsageFault_Handler) for UsageFault_Handler
    startup_stm32f401xc.o(RESET) refers to stm32f4xx_it.o(i.SVC_Handler) for SVC_Handler
    startup_stm32f401xc.o(RESET) refers to stm32f4xx_it.o(i.DebugMon_Handler) for DebugMon_Handler
    startup_stm32f401xc.o(RESET) refers to stm32f4xx_it.o(i.PendSV_Handler) for PendSV_Handler
    startup_stm32f401xc.o(RESET) refers to stm32f4xx_it.o(i.SysTick_Handler) for SysTick_Handler
    startup_stm32f401xc.o(RESET) refers to stm32f4xx_it.o(i.TIM1_UP_TIM10_IRQHandler) for TIM1_UP_TIM10_IRQHandler
    startup_stm32f401xc.o(RESET) refers to stm32f4xx_it.o(i.USART1_IRQHandler) for USART1_IRQHandler
    startup_stm32f401xc.o(RESET) refers to stm32f4xx_it.o(i.USART2_IRQHandler) for USART2_IRQHandler
    startup_stm32f401xc.o(.text) refers (Special) to heapauxi.o(.text) for __use_two_region_memory
    startup_stm32f401xc.o(.text) refers to system_stm32f4xx.o(i.SystemInit) for SystemInit
    startup_stm32f401xc.o(.text) refers to __main.o(!!!main) for __main
    startup_stm32f401xc.o(.text) refers to startup_stm32f401xc.o(HEAP) for Heap_Mem
    startup_stm32f401xc.o(.text) refers to startup_stm32f401xc.o(STACK) for Stack_Mem
    main.o(i.SystemClock_Config) refers to rt_memclr_w.o(.text) for __aeabi_memclr4
    main.o(i.SystemClock_Config) refers to stm32f4xx_hal_rcc.o(i.HAL_RCC_OscConfig) for HAL_RCC_OscConfig
    main.o(i.SystemClock_Config) refers to stm32f4xx_hal_rcc.o(i.HAL_RCC_ClockConfig) for HAL_RCC_ClockConfig
    main.o(i.main) refers to stm32f4xx_hal.o(i.HAL_Init) for HAL_Init
    main.o(i.main) refers to main.o(i.SystemClock_Config) for SystemClock_Config
    main.o(i.main) refers to gpio.o(i.MX_GPIO_Init) for MX_GPIO_Init
    main.o(i.main) refers to tim.o(i.MX_TIM11_Init) for MX_TIM11_Init
    main.o(i.main) refers to tim.o(i.MX_TIM1_Init) for MX_TIM1_Init
    main.o(i.main) refers to usart.o(i.MX_USART1_UART_Init) for MX_USART1_UART_Init
    main.o(i.main) refers to usart.o(i.MX_USART2_UART_Init) for MX_USART2_UART_Init
    main.o(i.main) refers to i2c.o(i.MX_I2C2_Init) for MX_I2C2_Init
    main.o(i.main) refers to stm32f4xx_hal_tim.o(i.HAL_TIM_Base_Start_IT) for HAL_TIM_Base_Start_IT
    main.o(i.main) refers to stm32f4xx_hal_tim.o(i.HAL_TIM_Base_Start) for HAL_TIM_Base_Start
    main.o(i.main) refers to stm32f4xx_hal_uart.o(i.HAL_UART_Receive_IT) for HAL_UART_Receive_IT
    main.o(i.main) refers to oled.o(i.OLED_Init) for OLED_Init
    main.o(i.main) refers to oled.o(i.OLED_Clear) for OLED_Clear
    main.o(i.main) refers to oled.o(i.OLED_printf) for OLED_printf
    main.o(i.main) refers to oled.o(i.OLED_Refresh_Gram) for OLED_Refresh_Gram
    main.o(i.main) refers to stm32f4xx_hal.o(i.HAL_Delay) for HAL_Delay
    main.o(i.main) refers to tim.o(.bss) for htim1
    main.o(i.main) refers to ctrl.o(.data) for receive_byte
    main.o(i.main) refers to usart.o(.bss) for huart1
    gpio.o(i.MX_GPIO_Init) refers to rt_memclr_w.o(.text) for __aeabi_memclr4
    gpio.o(i.MX_GPIO_Init) refers to stm32f4xx_hal_gpio.o(i.HAL_GPIO_WritePin) for HAL_GPIO_WritePin
    gpio.o(i.MX_GPIO_Init) refers to stm32f4xx_hal_gpio.o(i.HAL_GPIO_Init) for HAL_GPIO_Init
    i2c.o(i.HAL_I2C_MspDeInit) refers to stm32f4xx_hal_gpio.o(i.HAL_GPIO_DeInit) for HAL_GPIO_DeInit
    i2c.o(i.HAL_I2C_MspInit) refers to rt_memclr_w.o(.text) for __aeabi_memclr4
    i2c.o(i.HAL_I2C_MspInit) refers to stm32f4xx_hal_gpio.o(i.HAL_GPIO_Init) for HAL_GPIO_Init
    i2c.o(i.MX_I2C2_Init) refers to stm32f4xx_hal_i2c.o(i.HAL_I2C_Init) for HAL_I2C_Init
    i2c.o(i.MX_I2C2_Init) refers to main.o(i.Error_Handler) for Error_Handler
    i2c.o(i.MX_I2C2_Init) refers to i2c.o(.bss) for .bss
    tim.o(i.HAL_TIM_Base_MspDeInit) refers to stm32f4xx_hal_cortex.o(i.HAL_NVIC_DisableIRQ) for HAL_NVIC_DisableIRQ
    tim.o(i.HAL_TIM_Base_MspInit) refers to stm32f4xx_hal_cortex.o(i.HAL_NVIC_SetPriority) for HAL_NVIC_SetPriority
[...]
    i.HAL_UART_Transmit                      0x0800322c   Section        0  stm32f4xx_hal_uart.o(i.HAL_UART_Transmit)
    i.HAL_UART_TxCpltCallback                0x080032de   Section        0  stm32f4xx_hal_uart.o(i.HAL_UART_TxCpltCallback)
    i.HardFault_Handler                      0x080032e0   Section        0  stm32f4xx_it.o(i.HardFault_Handler)
    i.I2C_IsAcknowledgeFailed                0x080032e2   Section        0  stm32f4xx_hal_i2c.o(i.I2C_IsAcknowledgeFailed)
    I2C_IsAcknowledgeFailed                  0x080032e3   Thumb Code    46  stm32f4xx_hal_i2c.o(i.I2C_IsAcknowledgeFailed)
    i.I2C_MasterRequestWrite                 0x08003310   Section        0  stm32f4xx_hal_i2c.o(i.I2C_MasterRequestWrite)
    I2C_MasterRequestWrite                   0x08003311   Thumb Code   150  stm32f4xx_hal_i2c.o(i.I2C_MasterRequestWrite)
    i.I2C_WaitOnBTFFlagUntilTimeout          0x080033ac   Section        0  stm32f4xx_hal_i2c.o(i.I2C_WaitOnBTFFlagUntilTimeout)
    I2C_WaitOnBTFFlagUntilTimeout            0x080033ad   Thumb Code    76  stm32f4xx_hal_i2c.o(i.I2C_WaitOnBTFFlagUntilTimeout)
    i.I2C_WaitOnFlagUntilTimeout             0x080033f8   Section        0  stm32f4xx_hal_i2c.o(i.I2C_WaitOnFlagUntilTimeout)
    I2C_WaitOnFlagUntilTimeout               0x080033f9   Thumb Code   104  stm32f4xx_hal_i2c.o(i.I2C_WaitOnFlagUntilTimeout)
    i.I2C_WaitOnMasterAddressFlagUntilTimeout 0x08003460   Section        0  stm32f4xx_hal_i2c.o(i.I2C_WaitOnMasterAddressFlagUntilTimeout)
    I2C_WaitOnMasterAddressFlagUntilTimeout  0x08003461   Thumb Code   150  stm32f4xx_hal_i2c.o(i.I2C_WaitOnMasterAddressFlagUntilTimeout)
    i.I2C_WaitOnTXEFlagUntilTimeout          0x080034f6   Section        0  stm32f4xx_hal_i2c.o(i.I2C_WaitOnTXEFlagUntilTimeout)
    I2C_WaitOnTXEFlagUntilTimeout            0x080034f7   Thumb Code    76  stm32f4xx_hal_i2c.o(i.I2C_WaitOnTXEFlagUntilTimeout)
    i.MX_GPIO_Init                           0x08003544   Section        0  gpio.o(i.MX_GPIO_Init)
    i.MX_I2C2_Init                           0x08003614   Section        0  i2c.o(i.MX_I2C2_Init)
    i.MX_TIM11_Init                          0x08003654   Section        0  tim.o(i.MX_TIM11_Init)
    i.MX_TIM1_Init                           0x08003688   Section        0  tim.o(i.MX_TIM1_Init)
    i.MX_USART1_UART_Init                    0x080036f0   Section        0  usart.o(i.MX_USART1_UART_Init)
    i.MX_USART2_UART_Init                    0x08003728   Section        0  usart.o(i.MX_USART2_UART_Init)
    i.MemManage_Handler                      0x08003760   Section        0  stm32f4xx_it.o(i.MemManage_Handler)
    i.NMI_Handler                            0x08003762   Section        0  stm32f4xx_it.o(i.NMI_Handler)
    i.OLED_Clear                             0x08003764   Section        0  oled.o(i.OLED_Clear)
    i.OLED_DrawPoint                         0x0800378c   Section        0  oled.o(i.OLED_DrawPoint)
    i.OLED_Init                              0x080037c0   Section        0  oled.o(i.OLED_Init)
    i.OLED_Refresh_Gram                      0x080038a8   Section        0  oled.o(i.OLED_Refresh_Gram)
    i.OLED_SetPos                            0x080038dc   Section        0  oled.o(i.OLED_SetPos)
    i.OLED_ShowChar                          0x08003904   Section        0  oled.o(i.OLED_ShowChar)
    i.OLED_ShowString                        0x08003968   Section        0  oled.o(i.OLED_ShowString)
    i.OLED_printf                            0x08003998   Section        0  oled.o(i.OLED_printf)
    i.PendSV_Handler                         0x080039d8   Section        0  stm32f4xx_it.o(i.PendSV_Handler)
    i.SVC_Handler                            0x080039da   Section        0  stm32f4xx_it.o(i.SVC_Handler)
    i.SysTick_Handler                        0x080039dc   Section        0  stm32f4xx_it.o(i.SysTick_Handler)
    i.SystemClock_Config                     0x080039e0   Section        0  main.o(i.SystemClock_Config)
    i.SystemInit                             0x08003a74   Section        0  system_stm32f4xx.o(i.SystemInit)
    i.TIM1_UP_TIM10_IRQHandler               0x08003a84   Section        0  stm32f4xx_it.o(i.TIM1_UP_TIM10_IRQHandler)
    i.TIM_Base_SetConfig                     0x08003a90   Section        0  stm32f4xx_hal_tim.o(i.TIM_Base_SetConfig)
    i.TIM_ETR_SetConfig                      0x08003b28   Section        0  stm32f4xx_hal_tim.o(i.TIM_ETR_SetConfig)
    i.TIM_ITRx_SetConfig                     0x08003b3c   Section        0  stm32f4xx_hal_tim.o(i.TIM_ITRx_SetConfig)
    TIM_ITRx_SetConfig                       0x08003b3d   Thumb Code    16  stm32f4xx_hal_tim.o(i.TIM_ITRx_SetConfig)
    i.TIM_TI1_ConfigInputStage               0x08003b4c   Section        0  stm32f4xx_hal_tim.o(i.TIM_TI1_ConfigInputStage)
    TIM_TI1_ConfigInputStage                 0x08003b4d   Thumb Code    34  stm32f4xx_hal_tim.o(i.TIM_TI1_ConfigInputStage)
    i.TIM_TI2_ConfigInputStage               0x08003b6e   Section        0  stm32f4xx_hal_tim.o(i.TIM_TI2_ConfigInputStage)
    TIM_TI2_ConfigInputStage                 0x08003b6f   Thumb Code    36  stm32f4xx_hal_tim.o(i.TIM_TI2_ConfigInputStage)
    i.UART_DMAAbortOnError                   0x08003b92   Section        0  stm32f4xx_hal_uart.o(i.UART_DMAAbortOnError)
    UART_DMAAbortOnError                     0x08003b93   Thumb Code    16  stm32f4xx_hal_uart.o(i.UART_DMAAbortOnError)
    i.UART_EndRxTransfer                     0x08003ba2   Section        0  stm32f4xx_hal_uart.o(i.UART_EndRxTransfer)
    UART_EndRxTransfer                       0x08003ba3   Thumb Code    78  stm32f4xx_hal_uart.o(i.UART_EndRxTransfer)
    i.UART_Receive_IT                        0x08003bf0   Section        0  stm32f4xx_hal_uart.o(i.UART_Receive_IT)
    UART_Receive_IT                          0x08003bf1   Thumb Code   192  stm32f4xx_hal_uart.o(i.UART_Receive_IT)
    i.UART_SetConfig                         0x08003cb0   Section        0  stm32f4xx_hal_uart.o(i.UART_SetConfig)
    UART_SetConfig                           0x08003cb1   Thumb Code   258  stm32f4xx_hal_uart.o(i.UART_SetConfig)
    i.UART_Start_Receive_IT                  0x08003dbc   Section        0  stm32f4xx_hal_uart.o(i.UART_Start_Receive_IT)
    i.UART_WaitOnFlagUntilTimeout            0x08003df2   Section        0  stm32f4xx_hal_uart.o(i.UART_WaitOnFlagUntilTimeout)
    UART_WaitOnFlagUntilTimeout              0x08003df3   Thumb Code   120  stm32f4xx_hal_uart.o(i.UART_WaitOnFlagUntilTimeout)
    i.USART1_IRQHandler                      0x08003e6c   Section        0  stm32f4xx_it.o(i.USART1_IRQHandler)
    i.USART2_IRQHandler                      0x08003e78   Section        0  stm32f4xx_it.o(i.USART2_IRQHandler)
    i.UsageFault_Handler                     0x08003e84   Section        0  stm32f4xx_it.o(i.UsageFault_Handler)
    i.__ARM_fpclassify                       0x08003e86   Section        0  fpclassify.o(i.__ARM_fpclassify)
    i.__NVIC_SetPriority                     0x08003eb6   Section        0  stm32f4xx_hal_cortex.o(i.__NVIC_SetPriority)
    __NVIC_SetPriority                       0x08003eb7   Thumb Code    32  stm32f4xx_hal_cortex.o(i.__NVIC_SetPriority)
    i._is_digit                              0x08003ed6   Section        0  __printf_wp.o(i._is_digit)
    i.main                                   0x08003ee4   Section        0  main.o(i.main)
    i.motion_act                             0x08003f64   Section        0  ctrl.o(i.motion_act)
    i.motion_logic                           0x08004000   Section        0  ctrl.o(i.motion_logic)
    i.motor1_neg                             0x08004038   Section        0  ctrl.o(i.motor1_neg)
    i.motor1_pos                             0x08004058   Section        0  ctrl.o(i.motor1_pos)
    i.motor1_stop                            0x0800407c   Section        0  ctrl.o(i.motor1_stop)
    i.motor2_neg                             0x080040a0   Section        0  ctrl.o(i.motor2_neg)
    i.motor2_pos                             0x080040c4   Section        0  ctrl.o(i.motor2_pos)
    i.motor2_stop                            0x080040e8   Section        0  ctrl.o(i.motor2_stop)
    i.motor3_neg                             0x0800410c   Section        0  ctrl.o(i.motor3_neg)
    i.motor3_pos                             0x0800412c   Section        0  ctrl.o(i.motor3_pos)
    i.motor3_stop                            0x0800414c   Section        0  ctrl.o(i.motor3_stop)
    i.motor_all_stop                         0x0800416c   Section        0  ctrl.o(i.motor_all_stop)
    i.move_back                              0x0800417e   Section        0  ctrl.o(i.move_back)
    i.move_forward                           0x08004190   Section        0  ctrl.o(i.move_forward)
    i.move_left                              0x080041a2   Section        0  ctrl.o(i.move_left)
    i.move_right                             0x080041b4   Section        0  ctrl.o(i.move_right)
    i.oled_write_byte                        0x080041c8   Section        0  oled.o(i.oled_write_byte)
    i.usart_printf                           0x080041f0   Section        0  print.o(i.usart_printf)
    locale$$code                             0x08004228   Section       44  lc_numeric_c.o(locale$$code)
    locale$$code                             0x08004254   Section       44  lc_ctype_c.o(locale$$code)
    x$fpl$fpinit                             0x08004280   Section       10  fpinit.o(x$fpl$fpinit)
    $v0                                      0x08004280   Number         0  fpinit.o(x$fpl$fpinit)
    x$fpl$printf1                            0x0800428a   Section        4  printf1.o(x$fpl$printf1)
    $v0                                      0x0800428a   Number         0  printf1.o(x$fpl$printf1)
    x$fpl$printf2                            0x0800428e   Section        4  printf2.o(x$fpl$printf2)
    $v0                                      0x0800428e   Number         0  printf2.o(x$fpl$printf2)
    .constdata                               0x08004292   Section       16  system_stm32f4xx.o(.constdata)
    x$fpl$usenofp                            0x08004292   Section        0  usenofp.o(x$fpl$usenofp)
    .constdata                               0x080042a2   Section        8  system_stm32f4xx.o(.constdata)
    .constdata                               0x080042aa   Section     2164  oled.o(.constdata)
    .constdata                               0x08004b1e   Section       17  __printf_flags_ss_wp.o(.constdata)
    maptable                                 0x08004b1e   Data          17  __printf_flags_ss_wp.o(.constdata)
    .constdata                               0x08004b30   Section        8  _printf_wctomb.o(.constdata)
    initial_mbstate                          0x08004b30   Data           8  _printf_wctomb.o(.constdata)
    .constdata                               0x08004b38   Section       40  _printf_hex_int_ll_ptr.o(.constdata)
    uc_hextab                                0x08004b38   Data          20  _printf_hex_int_ll_ptr.o(.constdata)
    lc_hextab                                0x08004b4c   Data          20  _printf_hex_int_ll_ptr.o(.constdata)
    .constdata                               0x08004b60   Section       38  _printf_fp_hex.o(.constdata)
    lc_hextab                                0x08004b60   Data          19  _printf_fp_hex.o(.constdata)
    uc_hextab                                0x08004b73   Data          19  _printf_fp_hex.o(.constdata)
    .constdata                               0x08004b88   Section      148  bigflt0.o(.constdata)
    tenpwrs_x                                0x08004b88   Data          60  bigflt0.o(.constdata)
    tenpwrs_i                                0x08004bc4   Data          64  bigflt0.o(.constdata)
    locale$$data                             0x08004c3c   Section       28  lc_numeric_c.o(locale$$data)
    __lcnum_c_name                           0x08004c40   Data           2  lc_numeric_c.o(locale$$data)
    __lcnum_c_start                          0x08004c48   Data           0  lc_numeric_c.o(locale$$data)
    __lcnum_c_point                          0x08004c54   Data           0  lc_numeric_c.o(locale$$data)
    __lcnum_c_thousands                      0x08004c56   Data           0  lc_numeric_c.o(locale$$data)
    __lcnum_c_grouping                       0x08004c57   Data           0  lc_numeric_c.o(locale$$data)
    locale$$data                             0x08004c58   Section      272  lc_ctype_c.o(locale$$data)
    __lcnum_c_end                            0x08004c58   Data           0  lc_numeric_c.o(locale$$data)
    __lcctype_c_name                         0x08004c5c   Data           2  lc_ctype_c.o(locale$$data)
    __lcctype_c_start                        0x08004c64   Data           0  lc_ctype_c.o(locale$$data)
    __lcctype_c_end                          0x08004d68   Data           0  lc_ctype_c.o(locale$$data)
    .data                                    0x20000000   Section       12  stm32f4xx_hal.o(.data)
    .data                                    0x2000000c   Section        4  system_stm32f4xx.o(.data)
    .data                                    0x20000010   Section        6  ctrl.o(.data)
    .data                                    0x20000018   Section        8  print.o(.data)
    len                                      0x20000018   Data           2  print.o(.data)
    ap                                       0x2000001c   Data           4  print.o(.data)
    .data                                    0x20000020   Section        8  oled.o(.data)
    len                                      0x20000020   Data           2  oled.o(.data)
    ap                                       0x20000024   Data           4  oled.o(.data)
    .bss                                     0x20000028   Section       84  i2c.o(.bss)
    .bss                                     0x2000007c   Section      144  tim.o(.bss)
    .bss                                     0x2000010c   Section      136  usart.o(.bss)
    .bss                                     0x20000194   Section      300  print.o(.bss)
    tx_buf                                   0x20000194   Data         300  print.o(.bss)
    .bss                                     0x200002c0   Section     1152  oled.o(.bss)
    oled_buf                                 0x200002c0   Data         128  oled.o(.bss)
    .bss                                     0x20000740   Section       96  libspace.o(.bss)
    HEAP                                     0x200007a0   Section      512  startup_stm32f401xc.o(HEAP)
    Heap_Mem                                 0x200007a0   Data         512  startup_stm32f401xc.o(HEAP)
    STACK                                    0x200009a0   Section     1024  startup_stm32f401xc.o(STACK)
    Stack_Mem                                0x200009a0   Data        1024  startup_stm32f401xc.o(STACK)
    __initial_sp                             0x20000da0   Data           0  startup_stm32f401xc.o(STACK)

    Global Symbols

    Symbol Name                              Value     Ov Type        Size  Object(Section)

    BuildAttributes$$THM_ISAv4$E$P$D$K$B$S$7EM$VFPi3$EXTD16$VFPS$VFMA$PE$A:L22UL41UL21$X:L11$S22US41US21$IEEE1$IW$USESV6$~STKCKD$USESV7$~SHL$OTIME$ROPI$IEEEJ$EBA8$UX$STANDARDLIB$REQ8$PRES8$EABIv2 0x00000000   Number         0  anon$$obj.o ABSOLUTE
    __ARM_use_no_argv                        0x00000000   Number         0  main.o ABSOLUTE
    _printf_flags                            0x00000000   Number         0  printf_stubs.o ABSOLUTE
    _printf_return_value                     0x00000000   Number         0  printf_stubs.o ABSOLUTE
    _printf_sizespec                         0x00000000   Number         0  printf_stubs.o ABSOLUTE
    _printf_widthprec                        0x00000000   Number         0  printf_stubs.o ABSOLUTE
    __ARM_exceptions_init                     - Undefined Weak Reference
    __alloca_initialize                       - Undefined Weak Reference
    __arm_fini_                               - Undefined Weak Reference
    __arm_preinit_                            - Undefined Weak Reference
    __cpp_initialize__aeabi_                  - Undefined Weak Reference
    __cxa_finalize                            - Undefined Weak Reference
    __sigvec_lookup                           - Undefined Weak Reference
    _atexit_init                              - Undefined Weak Reference
    _call_atexit_fns                          - Undefined Weak Reference
    _clock_init                               - Undefined Weak Reference
    _fp_trap_init                             - Undefined Weak Reference
    _fp_trap_shutdown                         - Undefined Weak Reference
    _get_lc_collate                           - Undefined Weak Reference
    _get_lc_monetary                          - Undefined Weak Reference
    _get_lc_time                              - Undefined Weak Reference
    _getenv_init                              - Undefined Weak Reference
    _handle_redirection                       - Undefined Weak Reference
    _init_alloc                               - Undefined Weak Reference
    _init_user_alloc                          - Undefined Weak Reference
    _initio                                   - Undefined Weak Reference
    _printf_mbtowc                            - Undefined Weak Reference
    _printf_wc                                - Undefined Weak Reference
    _rand_init                                - Undefined Weak Reference
    _signal_finish                            - Undefined Weak Reference
    _signal_init                              - Undefined Weak Reference
    _terminate_alloc                          - Undefined Weak Reference
    _terminate_user_alloc                     - Undefined Weak Reference
    _terminateio                              - Undefined Weak Reference
    __Vectors_Size                           0x00000194   Number         0  startup_stm32f401xc.o ABSOLUTE
    __Vectors                                0x08000000   Data           4  startup_stm32f401xc.o(RESET)
    __Vectors_End                            0x08000194   Data           0  startup_stm32f401xc.o(RESET)
    __main                                   0x08000195   Thumb Code     8  __main.o(!!!main)
    __scatterload                            0x0800019d   Thumb Code     0  __scatter.o(!!!scatter)
    __scatterload_rt2                        0x0800019d   Thumb Code    44  __scatter.o(!!!scatter)
    __scatterload_rt2_thumb_only             0x0800019d   Thumb Code     0  __scatter.o(!!!scatter)
    __scatterload_null                       0x080001ab   Thumb Code     0  __scatter.o(!!!scatter)
    __scatterload_copy                       0x080001d1   Thumb Code    26  __scatter_copy.o(!!handler_copy)
    __scatterload_zeroinit                   0x080001ed   Thumb Code    28  __scatter_zi.o(!!handler_zi)
    _printf_n                                0x08000209   Thumb Code     0  _printf_n.o(.ARM.Collect$$_printf_percent$$00000001)
    _printf_percent                          0x08000209   Thumb Code     0  _printf_percent.o(.ARM.Collect$$_printf_percent$$00000000)
    _printf_p                                0x0800020f   Thumb Code     0  _printf_p.o(.ARM.Collect$$_printf_percent$$00000002)
    _printf_f                                0x08000215   Thumb Code     0  _printf_f.o(.ARM.Collect$$_printf_percent$$00000003)
    _printf_e                                0x0800021b   Thumb Code     0  _printf_e.o(.ARM.Collect$$_printf_percent$$00000004)
    _printf_g                                0x08000221   Thumb Code     0  _printf_g.o(.ARM.Collect$$_printf_percent$$00000005)
    _printf_a                                0x08000227   Thumb Code     0  _printf_a.o(.ARM.Collect$$_printf_percent$$00000006)
    _printf_ll                               0x0800022d   Thumb Code     0  _printf_ll.o(.ARM.Collect$$_printf_percent$$00000007)
    _printf_i                                0x08000237   Thumb Code     0  _printf_i.o(.ARM.Collect$$_printf_percent$$00000008)
    _printf_d                                0x0800023d   Thumb Code     0  _printf_d.o(.ARM.Collect$$_printf_percent$$00000009)
    _printf_u                                0x08000243   Thumb Code     0  _printf_u.o(.ARM.Collect$$_printf_percent$$0000000A)
    _printf_o                                0x08000249   Thumb Code     0  _printf_o.o(.ARM.Collect$$_printf_percent$$0000000B)
    _printf_x                                0x0800024f   Thumb Code     0  _printf_x.o(.ARM.Collect$$_printf_percent$$0000000C)
    _printf_lli                              0x08000255   Thumb Code     0  _printf_lli.o(.ARM.Collect$$_printf_percent$$0000000D)
    _printf_lld                              0x0800025b   Thumb Code     0  _printf_lld.o(.ARM.Collect$$_printf_percent$$0000000E)
    _printf_llu                              0x08000261   Thumb Code     0  _printf_llu.o(.ARM.Collect$$_printf_percent$$0000000F)
    _printf_llo                              0x08000267   Thumb Code     0  _printf_llo.o(.ARM.Collect$$_printf_percent$$00000010)
    _printf_llx                              0x0800026d   Thumb Code     0  _printf_llx.o(.ARM.Collect$$_printf_percent$$00000011)
    _printf_l                                0x08000273   Thumb Code     0  _printf_l.o(.ARM.Collect$$_printf_percent$$00000012)
    _printf_c                                0x0800027d   Thumb Code     0  _printf_c.o(.ARM.Collect$$_printf_percent$$00000013)
    _printf_s                                0x08000283   Thumb Code     0  _printf_s.o(.ARM.Collect$$_printf_percent$$00000014)
    _printf_lc                               0x08000289   Thumb Code     0  _printf_lc.o(.ARM.Collect$$_printf_percent$$00000015)
    _printf_ls                               0x0800028f   Thumb Code     0  _printf_ls.o(.ARM.Collect$$_printf_percent$$00000016)
    _printf_percent_end                      0x08000295   Thumb Code     0  _printf_percent_end.o(.ARM.Collect$$_printf_percent$$00000017)
    __rt_lib_init                            0x08000299   Thumb Code     0  libinit.o(.ARM.Collect$$libinit$$00000000)
    __rt_lib_init_fp_1                       0x0800029b   Thumb Code     0  libinit2.o(.ARM.Collect$$libinit$$00000001)
    __rt_lib_init_heap_1                     0x0800029f   Thumb Code     0  libinit2.o(.ARM.Collect$$libinit$$0000000A)
    __rt_lib_init_lc_common                  0x0800029f   Thumb Code     0  libinit2.o(.ARM.Collect$$libinit$$0000000F)
    __rt_lib_init_preinit_1                  0x0800029f   Thumb Code     0  libinit2.o(.ARM.Collect$$libinit$$00000004)
    __rt_lib_init_rand_1                     0x0800029f   Thumb Code     0  libinit2.o(.ARM.Collect$$libinit$$0000000E)
    __rt_lib_init_user_alloc_1               0x0800029f   Thumb Code     0  libinit2.o(.ARM.Collect$$libinit$$0000000C)
    __rt_lib_init_lc_collate_1               0x080002a5   Thumb Code     0  libinit2.o(.ARM.Collect$$libinit$$00000011)
    __rt_lib_init_lc_ctype_2                 0x080002a5   Thumb Code     0  libinit2.o(.ARM.Collect$$libinit$$00000012)
    __rt_lib_init_lc_ctype_1                 0x080002b1   Thumb Code     0  libinit2.o(.ARM.Collect$$libinit$$00000013)
    __rt_lib_init_lc_monetary_1              0x080002b1   Thumb Code     0  libinit2.o(.ARM.Collect$$libinit$$00000015)
    __rt_lib_init_lc_numeric_2               0x080002b1   Thumb Code     0  libinit2.o(.ARM.Collect$$libinit$$00000016)
    __rt_lib_init_alloca_1                   0x080002bb   Thumb Code     0  libinit2.o(.ARM.Collect$$libinit$$0000002E)
    __rt_lib_init_argv_1                     0x080002bb   Thumb Code     0  libinit2.o(.ARM.Collect$$libinit$$0000002C)
    __rt_lib_init_atexit_1                   0x080002bb   Thumb Code     0  libinit2.o(.ARM.Collect$$libinit$$0000001B)
    __rt_lib_init_clock_1                    0x080002bb   Thumb Code     0  libinit2.o(.ARM.Collect$$libinit$$00000021)
    __rt_lib_init_cpp_1                      0x080002bb   Thumb Code     0  libinit2.o(.ARM.Collect$$libinit$$00000032)
    __rt_lib_init_exceptions_1               0x080002bb   Thumb Code     0  libinit2.o(.ARM.Collect$$libinit$$00000030)
    __rt_lib_init_fp_trap_1                  0x080002bb   Thumb Code     0  libinit2.o(.ARM.Collect$$libinit$$0000001F)
    __rt_lib_init_getenv_1                   0x080002bb   Thumb Code     0  libinit2.o(.ARM.Collect$$libinit$$00000023)
    __rt_lib_init_lc_numeric_1               0x080002bb   Thumb Code     0  libinit2.o(.ARM.Collect$$libinit$$00000017)
    __rt_lib_init_lc_time_1                  0x080002bb   Thumb Code     0  libinit2.o(.ARM.Collect$$libinit$$00000019)
    __rt_lib_init_return                     0x080002bb   Thumb Code     0  libinit2.o(.ARM.Collect$$libinit$$00000033)
    __rt_lib_init_signal_1                   0x080002bb   Thumb Code     0  libinit2.o(.ARM.Collect$$libinit$$0000001D)
    __rt_lib_init_stdio_1                    0x080002bb   Thumb Code     0  libinit2.o(.ARM.Collect$$libinit$$00000025)
    __rt_lib_shutdown                        0x080002bd   Thumb Code     0  libshutdown.o(.ARM.Collect$$libshutdown$$00000000)
    __rt_lib_shutdown_cpp_1                  0x080002bf   Thumb Code     0  libshutdown2.o(.ARM.Collect$$libshutdown$$00000004)
    __rt_lib_shutdown_fini_1                 0x080002bf   Thumb Code     0  libshutdown2.o(.ARM.Collect$$libshutdown$$00000002)
    __rt_lib_shutdown_fp_trap_1              0x080002bf   Thumb Code     0  libshutdown2.o(.ARM.Collect$$libshutdown$$00000009)
    __rt_lib_shutdown_heap_1                 0x080002bf   Thumb Code     0  libshutdown2.o(.ARM.Collect$$libshutdown$$00000011)
    __rt_lib_shutdown_return                 0x080002bf   Thumb Code     0  libshutdown2.o(.ARM.Collect$$libshutdown$$00000012)
    __rt_lib_shutdown_signal_1               0x080002bf   Thumb Code     0  libshutdown2.o(.ARM.Collect$$libshutdown$$0000000C)
    __rt_lib_shutdown_stdio_1                0x080002bf   Thumb Code     0  libshutdown2.o(.ARM.Collect$$libshutdown$$00000006)
    __rt_lib_shutdown_user_alloc_1           0x080002bf   Thumb Code     0  libshutdown2.o(.ARM.Collect$$libshutdown$$0000000E)
    __rt_entry                               0x080002c1   Thumb Code     0  __rtentry.o(.ARM.Collect$$rtentry$$00000000)
    __rt_entry_presh_1                       0x080002c1   Thumb Code     0  __rtentry2.o(.ARM.Collect$$rtentry$$00000002)
    __rt_entry_sh                            0x080002c1   Thumb Code     0  __rtentry4.o(.ARM.Collect$$rtentry$$00000004)
    __rt_entry_li                            0x080002c7   Thumb Code     0  __rtentry2.o(.ARM.Collect$$rtentry$$0000000A)
    __rt_entry_postsh_1                      0x080002c7   Thumb Code     0  __rtentry2.o(.ARM.Collect$$rtentry$$00000009)
    __rt_entry_main                          0x080002cb   Thumb Code     0  __rtentry2.o(.ARM.Collect$$rtentry$$0000000D)
    __rt_entry_postli_1                      0x080002cb   Thumb Code     0  __rtentry2.o(.ARM.Collect$$rtentry$$0000000C)
    __rt_exit                                0x080002d3   Thumb Code     0  rtexit.o(.ARM.Collect$$rtexit$$00000000)
    __rt_exit_ls                             0x080002d5   Thumb Code     0  rtexit2.o(.ARM.Collect$$rtexit$$00000003)
    __rt_exit_prels_1                        0x080002d5   Thumb Code     0  rtexit2.o(.ARM.Collect$$rtexit$$00000002)
    __rt_exit_exit                           0x080002d9   Thumb Code     0  rtexit2.o(.ARM.Collect$$rtexit$$00000004)
    Reset_Handler                            0x080002e1   Thumb Code     8  startup_stm32f401xc.o(.text)
    ADC_IRQHandler                           0x080002fb   Thumb Code     0  startup_stm32f401xc.o(.text)
    DMA1_Stream0_IRQHandler                  0x080002fb   Thumb Code     0  startup_stm32f401xc.o(.text)
    DMA1_Stream1_IRQHandler                  0x080002fb   Thumb Code     0  startup_stm32f401xc.o(.text)
    DMA1_Stream2_IRQHandler                  0x080002fb   Thumb Code     0  startup_stm32f401xc.o(.text)
    DMA1_Stream3_IRQHandler                  0x080002fb   Thumb Code     0  startup_stm32f401xc.o(.text)
    DMA1_Stream4_IRQHandler                  0x080002fb   Thumb Code     0  startup_stm32f401xc.o(.text)
    DMA1_Stream5_IRQHandler                  0x080002fb   Thumb Code     0  startup_stm32f401xc.o(.text)
    DMA1_Stream6_IRQHandler                  0x080002fb   Thumb Code     0  startup_stm32f401xc.o(.text)
    DMA1_Stream7_IRQHandler                  0x080002fb   Thumb Code     0  startup_stm32f401xc.o(.text)
    DMA2_Stream0_IRQHandler                  0x080002fb   Thumb Code     0  startup_stm32f401xc.o(.text)
    DMA2_Stream1_IRQHandler                  0x080002fb   Thumb Code     0  startup_stm32f401xc.o(.text)
    DMA2_Stream2_IRQHandler                  0x080002fb   Thumb Code     0  startup_stm32f401xc.o(.text)
    DMA2_Stream3_IRQHandler                  0x080002fb   Thumb Code     0  startup_stm32f401xc.o(.text)
    DMA2_Stream4_IRQHandler                  0x080002fb   Thumb Code     0  startup_stm32f401xc.o(.text)
    DMA2_Stream5_IRQHandler                  0x080002fb   Thumb Code     0  startup_stm32f401xc.o(.text)
    DMA2_Stream6_IRQHandler                  0x080002fb   Thumb Code     0  startup_stm32f401xc.o(.text)
    DMA2_Stream7_IRQHandler                  0x080002fb   Thumb Code     0  startup_stm32f401xc.o(.text)
    EXTI0_IRQHandler                         0x080002fb   Thumb Code     0  startup_stm32f401xc.o(.text)
    EXTI15_10_IRQHandler                     0x080002fb   Thumb Code     0  startup_stm32f401xc.o(.text)
    EXTI1_IRQHandler                         0x080002fb   Thumb Code     0  startup_stm32f401xc.o(.text)
    EXTI2_IRQHandler                         0x080002fb   Thumb Code     0  startup_stm32f401xc.o(.text)
    EXTI3_IRQHandler                         0x080002fb   Thumb Code     0  startup_stm32f401xc.o(.text)
    EXTI4_IRQHandler                         0x080002fb   Thumb Code     0  startup_stm32f401xc.o(.text)
    EXTI9_5_IRQHandler                       0x080002fb   Thumb Code     0  startup_stm32f401xc.o(.text)
    FLASH_IRQHandler                         0x080002fb   Thumb Code     0  startup_stm32f401xc.o(.text)
    FPU_IRQHandler                           0x080002fb   Thumb Code     0  startup_stm32f401xc.o(.text)
    I2C1_ER_IRQHandler                       0x080002fb   Thumb Code     0  startup_stm32f401xc.o(.text)
    I2C1_EV_IRQHandler                       0x080002fb   Thumb Code     0  startup_stm32f401xc.o(.text)
    I2C2_ER_IRQHandler                       0x080002fb   Thumb Code     0  startup_stm32f401xc.o(.text)
    I2C2_EV_IRQHandler                       0x080002fb   Thumb Code     0  startup_stm32f401xc.o(.text)
    I2C3_ER_IRQHandler                       0x080002fb   Thumb Code     0  startup_stm32f401xc.o(.text)
    I2C3_EV_IRQHandler                       0x080002fb   Thumb Code     0  startup_stm32f401xc.o(.text)
    OTG_FS_IRQHandler                        0x080002fb   Thumb Code     0  startup_stm32f401xc.o(.text)
    OTG_FS_WKUP_IRQHandler                   0x080002fb   Thumb Code     0  startup_stm32f401xc.o(.text)
    PVD_IRQHandler                           0x080002fb   Thumb Code     0  startup_stm32f401xc.o(.text)
    RCC_IRQHandler                           0x080002fb   Thumb Code     0  startup_stm32f401xc.o(.text)
    RTC_Alarm_IRQHandler                     0x080002fb   Thumb Code     0  startup_stm32f401xc.o(.text)
    RTC_WKUP_IRQHandler                      0x080002fb   Thumb Code     0  startup_stm32f401xc.o(.text)
    SDIO_IRQHandler                          0x080002fb   Thumb Code     0  startup_stm32f401xc.o(.text)
    SPI1_IRQHandler                          0x080002fb   Thumb Code     0  startup_stm32f401xc.o(.text)
    SPI2_IRQHandler                          0x080002fb   Thumb Code     0  startup_stm32f401xc.o(.text)
    SPI3_IRQHandler                          0x080002fb   Thumb Code     0  startup_stm32f401xc.o(.text)
    SPI4_IRQHandler                          0x080002fb   Thumb Code     0  startup_stm32f401xc.o(.text)
    TAMP_STAMP_IRQHandler                    0x080002fb   Thumb Code     0  startup_stm32f401xc.o(.text)
    TIM1_BRK_TIM9_IRQHandler                 0x080002fb   Thumb Code     0  startup_stm32f401xc.o(.text)
    TIM1_CC_IRQHandler                       0x080002fb   Thumb Code     0  startup_stm32f401xc.o(.text)
    TIM1_TRG_COM_TIM11_IRQHandler            0x080002fb   Thumb Code     0  startup_stm32f401xc.o(.text)
    TIM2_IRQHandler                          0x080002fb   Thumb Code     0  startup_stm32f401xc.o(.text)
    TIM3_IRQHandler                          0x080002fb   Thumb Code     0  startup_stm32f401xc.o(.text)
    TIM4_IRQHandler                          0x080002fb   Thumb Code     0  startup_stm32f401xc.o(.text)
    TIM5_IRQHandler                          0x080002fb   Thumb Code     0  startup_stm32f401xc.o(.text)
    USART6_IRQHandler                        0x080002fb   Thumb Code     0  startup_stm32f401xc.o(.text)
    WWDG_IRQHandler                          0x080002fb   Thumb Code     0  startup_stm32f401xc.o(.text)
    __user_initial_stackheap                 0x080002fd   Thumb Code     0  startup_stm32f401xc.o(.text)
    __aeabi_uldivmod                         0x08000321   Thumb Code     0  lludivv7m.o(.text)
    _ll_udiv                                 0x08000321   Thumb Code   238  lludivv7m.o(.text)
    vsprintf                                 0x08000411   Thumb Code    32  vsprintf.o(.text)
    _printf_int_dec                          0x08000435   Thumb Code   104  _printf_dec.o(.text)
    __printf                                 0x080004ad   Thumb Code   388  __printf_flags_ss_wp.o(.text)
    __aeabi_memclr4                          0x08000635   Thumb Code     0  rt_memclr_w.o(.text)
    __aeabi_memclr8                          0x08000635   Thumb Code     0  rt_memclr_w.o(.text)
    __rt_memclr_w                            0x08000635   Thumb Code    78  rt_memclr_w.o(.text)
    _memset_w                                0x08000639   Thumb Code     0  rt_memclr_w.o(.text)
    __use_two_region_memory                  0x08000683   Thumb Code     2  heapauxi.o(.text)
    __rt_heap_escrow$2region                 0x08000685   Thumb Code     2  heapauxi.o(.text)
    __rt_heap_expand$2region                 0x08000687   Thumb Code     2  heapauxi.o(.text)
    _printf_pre_padding                      0x08000689   Thumb Code    44  _printf_pad.o(.text)
    _printf_post_padding                     0x080006b5   Thumb Code    34  _printf_pad.o(.text)
    _printf_truncate_signed                  0x080006d7   Thumb Code    18  _printf_truncate.o(.text)
    _printf_truncate_unsigned                0x080006e9   Thumb Code    18  _printf_truncate.o(.text)
    _printf_str                              0x080006fb   Thumb Code    82  _printf_str.o(.text)
    _printf_int_common                       0x0800074d   Thumb Code   178  _printf_intcommon.o(.text)
    _printf_charcount                        0x080007ff   Thumb Code    40  _printf_charcount.o(.text)
    __lib_sel_fp_printf                      0x08000827   Thumb Code     2  _printf_fp_dec.o(.text)
    _printf_fp_dec_real                      0x080009d9   Thumb Code   620  _printf_fp_dec.o(.text)
    _printf_char_common                      0x08000c4f   Thumb Code    32  _printf_char_common.o(.text)
    _sputc                                   0x08000c75   Thumb Code    10  _sputc.o(.text)
    _printf_wctomb                           0x08000c81   Thumb Code   182  _printf_wctomb.o(.text)
    _printf_longlong_dec                     0x08000d3d   Thumb Code   108  _printf_longlong_dec.o(.text)
    _printf_longlong_oct                     0x08000db9   Thumb Code    66  _printf_oct_int_ll.o(.text)
    _printf_int_oct                          0x08000dfb   Thumb Code    24  _printf_oct_int_ll.o(.text)
    _printf_ll_oct                           0x08000e13   Thumb Code    12  _printf_oct_int_ll.o(.text)
    _printf_longlong_hex                     0x08000e29   Thumb Code    86  _printf_hex_int_ll_ptr.o(.text)
    _printf_int_hex                          0x08000e7f   Thumb Code    28  _printf_hex_int_ll_ptr.o(.text)
    _printf_ll_hex                           0x08000e9b   Thumb Code    12  _printf_hex_int_ll_ptr.o(.text)
    _printf_hex_ptr                          0x08000ea7   Thumb Code    18  _printf_hex_int_ll_ptr.o(.text)
    __rt_locale                              0x08000ebd   Thumb Code     8  rt_locale_intlibspace.o(.text)
    _ll_udiv10                               0x08000ec5   Thumb Code   138  lludiv10.o(.text)
    _printf_fp_hex_real                      0x08000f51   Thumb Code   756  _printf_fp_hex.o(.text)
    _printf_fp_infnan                        0x0800124d   Thumb Code   112  _printf_fp_infnan.o(.text)
    _printf_cs_common                        0x080012cd   Thumb Code    20  _printf_char.o(.text)
    _printf_char                             0x080012e1   Thumb Code    16  _printf_char.o(.text)
    _printf_string                           0x080012f1   Thumb Code     8  _printf_char.o(.text)
    _printf_lcs_common                       0x080012f9   Thumb Code    20  _printf_wchar.o(.text)
    _printf_wchar                            0x0800130d   Thumb Code    16  _printf_wchar.o(.text)
    _printf_wstring                          0x0800131d   Thumb Code     8  _printf_wchar.o(.text)
    _btod_etento                             0x08001325   Thumb Code   224  bigflt0.o(.text)
    _wcrtomb                                 0x08001409   Thumb Code    64  _wcrtomb.o(.text)
    __user_libspace                          0x08001449   Thumb Code     8  libspace.o(.text)
    __user_perproc_libspace                  0x08001449   Thumb Code     0  libspace.o(.text)
    __user_perthread_libspace                0x08001449   Thumb Code     0  libspace.o(.text)
    __user_setup_stackheap                   0x08001451   Thumb Code    74  sys_stackheap_outer.o(.text)
    __rt_ctype_table                         0x0800149d   Thumb Code    16  rt_ctype_table.o(.text)
    exit                                     0x080014ad   Thumb Code    18  exit.o(.text)
    strcmp                                   0x080014c1   Thumb Code   128  strcmpv7m.o(.text)
    _sys_exit                                0x08001541   Thumb Code     8  sys_exit.o(.text)
    __I$use$semihosting                      0x0800154d   Thumb Code     0  use_no_semi.o(.text)
    __use_no_semihosting_swi                 0x0800154d   Thumb Code     2  use_no_semi.o(.text)
    __semihosting_library_function           0x0800154f   Thumb Code     0  indicate_semi.o(.text)
    _btod_d2e                                0x0800154f   Thumb Code    62  btod.o(CL$$btod_d2e)
    _d2e_denorm_low                          0x0800158d   Thumb Code    70  btod.o(CL$$btod_d2e_denorm_low)
    _d2e_norm_op1                            0x080015d3   Thumb Code    96  btod.o(CL$$btod_d2e_norm_op1)
    __btod_div_common                        0x08001633   Thumb Code   696  btod.o(CL$$btod_div_common)
    _e2e                                     0x0800196b   Thumb Code   220  btod.o(CL$$btod_e2e)
    _btod_ediv                               0x08001a47   Thumb Code    42  btod.o(CL$$btod_ediv)
    _btod_emul                               0x08001a71   Thumb Code    42  btod.o(CL$$btod_emul)
    __btod_mult_common                       0x08001a9b   Thumb Code   580  btod.o(CL$$btod_mult_common)
    BusFault_Handler                         0x08001cdf   Thumb Code     2  stm32f4xx_it.o(i.BusFault_Handler)
    DebugMon_Handler                         0x08001ce1   Thumb Code     2  stm32f4xx_it.o(i.DebugMon_Handler)
    Error_Handler                            0x08001ce3   Thumb Code     4  main.o(i.Error_Handler)
    HAL_DMA_Abort                            0x08001ce7   Thumb Code   146  stm32f4xx_hal_dma.o(i.HAL_DMA_Abort)
    HAL_DMA_Abort_IT                         0x08001d79   Thumb Code    36  stm32f4xx_hal_dma.o(i.HAL_DMA_Abort_IT)
    HAL_Delay                                0x08001d9d   Thumb Code    32  stm32f4xx_hal.o(i.HAL_Delay)
    HAL_GPIO_Init                            0x08001dc1   Thumb Code   446  stm32f4xx_hal_gpio.o(i.HAL_GPIO_Init)
    HAL_GPIO_TogglePin                       0x08001fa1   Thumb Code    16  stm32f4xx_hal_gpio.o(i.HAL_GPIO_TogglePin)
    HAL_GPIO_WritePin                        0x08001fb1   Thumb Code    10  stm32f4xx_hal_gpio.o(i.HAL_GPIO_WritePin)
    HAL_GetTick                              0x08001fbd   Thumb Code     6  stm32f4xx_hal.o(i.HAL_GetTick)
    HAL_I2C_Init                             0x08001fc9   Thumb Code   376  stm32f4xx_hal_i2c.o(i.HAL_I2C_Init)
    HAL_I2C_Master_Transmit                  0x08002151   Thumb Code   290  stm32f4xx_hal_i2c.o(i.HAL_I2C_Master_Transmit)
    HAL_I2C_MspInit                          0x0800227d   Thumb Code   118  i2c.o(i.HAL_I2C_MspInit)
    HAL_IncTick                              0x08002301   Thumb Code    12  stm32f4xx_hal.o(i.HAL_IncTick)
    HAL_Init                                 0x08002311   Thumb Code    48  stm32f4xx_hal.o(i.HAL_Init)
    HAL_InitTick                             0x08002345   Thumb Code    54  stm32f4xx_hal.o(i.HAL_InitTick)
    HAL_MspInit                              0x08002385   Thumb Code    42  stm32f4xx_hal_msp.o(i.HAL_MspInit)
    HAL_NVIC_EnableIRQ                       0x080023b5   Thumb Code    26  stm32f4xx_hal_cortex.o(i.HAL_NVIC_EnableIRQ)
    HAL_NVIC_SetPriority                     0x080023d1   Thumb Code    60  stm32f4xx_hal_cortex.o(i.HAL_NVIC_SetPriority)
    HAL_NVIC_SetPriorityGrouping             0x08002411   Thumb Code    26  stm32f4xx_hal_cortex.o(i.HAL_NVIC_SetPriorityGrouping)
    HAL_RCC_ClockConfig                      0x08002435   Thumb Code   288  stm32f4xx_hal_rcc.o(i.HAL_RCC_ClockConfig)
    HAL_RCC_GetPCLK1Freq                     0x08002569   Thumb Code    20  stm32f4xx_hal_rcc.o(i.HAL_RCC_GetPCLK1Freq)
    HAL_RCC_GetPCLK2Freq                     0x08002589   Thumb Code    20  stm32f4xx_hal_rcc.o(i.HAL_RCC_GetPCLK2Freq)
    HAL_RCC_GetSysClockFreq                  0x080025a9   Thumb Code    88  stm32f4xx_hal_rcc.o(i.HAL_RCC_GetSysClockFreq)
    HAL_RCC_OscConfig                        0x0800260d   Thumb Code   856  stm32f4xx_hal_rcc.o(i.HAL_RCC_OscConfig)
    HAL_SYSTICK_Config                       0x08002979   Thumb Code    40  stm32f4xx_hal_cortex.o(i.HAL_SYSTICK_Config)
    HAL_TIMEx_BreakCallback                  0x080029a1   Thumb Code     2  stm32f4xx_hal_tim_ex.o(i.HAL_TIMEx_BreakCallback)
    HAL_TIMEx_CommutCallback                 0x080029a3   Thumb Code     2  stm32f4xx_hal_tim_ex.o(i.HAL_TIMEx_CommutCallback)
    HAL_TIMEx_MasterConfigSynchronization    0x080029a5   Thumb Code   104  stm32f4xx_hal_tim_ex.o(i.HAL_TIMEx_MasterConfigSynchronization)
    HAL_TIM_Base_Init                        0x08002a21   Thumb Code    90  stm32f4xx_hal_tim.o(i.HAL_TIM_Base_Init)
    HAL_TIM_Base_MspInit                     0x08002a7d   Thumb Code    72  tim.o(i.HAL_TIM_Base_MspInit)
    HAL_TIM_Base_Start                       0x08002ad1   Thumb Code    78  stm32f4xx_hal_tim.o(i.HAL_TIM_Base_Start)
    HAL_TIM_Base_Start_IT                    0x08002b35   Thumb Code    88  stm32f4xx_hal_tim.o(i.HAL_TIM_Base_Start_IT)
    HAL_TIM_ConfigClockSource                0x08002ba1   Thumb Code   220  stm32f4xx_hal_tim.o(i.HAL_TIM_ConfigClockSource)
    HAL_TIM_IC_CaptureCallback               0x08002c7d   Thumb Code     2  stm32f4xx_hal_tim.o(i.HAL_TIM_IC_CaptureCallback)
    HAL_TIM_IRQHandler                       0x08002c7f   Thumb Code   358  stm32f4xx_hal_tim.o(i.HAL_TIM_IRQHandler)
    HAL_TIM_OC_DelayElapsedCallback          0x08002de5   Thumb Code     2  stm32f4xx_hal_tim.o(i.HAL_TIM_OC_DelayElapsedCallback)
    HAL_TIM_PWM_PulseFinishedCallback        0x08002de7   Thumb Code     2  stm32f4xx_hal_tim.o(i.HAL_TIM_PWM_PulseFinishedCallback)
    HAL_TIM_PeriodElapsedCallback            0x08002de9   Thumb Code    82  ctrl.o(i.HAL_TIM_PeriodElapsedCallback)
    HAL_TIM_TriggerCallback                  0x08002e49   Thumb Code     2  stm32f4xx_hal_tim.o(i.HAL_TIM_TriggerCallback)
    HAL_UARTEx_RxEventCallback               0x08002e4b   Thumb Code     2  stm32f4xx_hal_uart.o(i.HAL_UARTEx_RxEventCallback)
    HAL_UART_ErrorCallback                   0x08002e4d   Thumb Code     2  stm32f4xx_hal_uart.o(i.HAL_UART_ErrorCallback)
    HAL_UART_IRQHandler                      0x08002e51   Thumb Code   610  stm32f4xx_hal_uart.o(i.HAL_UART_IRQHandler)
    HAL_UART_Init                            0x080030b9   Thumb Code    98  stm32f4xx_hal_uart.o(i.HAL_UART_Init)
    HAL_UART_MspInit                         0x0800311d   Thumb Code   182  usart.o(i.HAL_UART_MspInit)
    HAL_UART_Receive_IT                      0x080031e5   Thumb Code    42  stm32f4xx_hal_uart.o(i.HAL_UART_Receive_IT)
    HAL_UART_RxCpltCallback                  0x08003211   Thumb Code    18  ctrl.o(i.HAL_UART_RxCpltCallback)
    HAL_UART_Transmit                        0x0800322d   Thumb Code   178  stm32f4xx_hal_uart.o(i.HAL_UART_Transmit)
    HAL_UART_TxCpltCallback                  0x080032df   Thumb Code     2  stm32f4xx_hal_uart.o(i.HAL_UART_TxCpltCallback)
    HardFault_Handler                        0x080032e1   Thumb Code     2  stm32f4xx_it.o(i.HardFault_Handler)
    MX_GPIO_Init                             0x08003545   Thumb Code   190  gpio.o(i.MX_GPIO_Init)
    MX_I2C2_Init                             0x08003615   Thumb Code    50  i2c.o(i.MX_I2C2_Init)
    MX_TIM11_Init                            0x08003655   Thumb Code    44  tim.o(i.MX_TIM11_Init)
    MX_TIM1_Init                             0x08003689   Thumb Code    96  tim.o(i.MX_TIM1_Init)
    MX_USART1_UART_Init                      0x080036f1   Thumb Code    48  usart.o(i.MX_USART1_UART_Init)
    MX_USART2_UART_Init                      0x08003729   Thumb Code    48  usart.o(i.MX_USART2_UART_Init)
    MemManage_Handler                        0x08003761   Thumb Code     2  stm32f4xx_it.o(i.MemManage_Handler)
    NMI_Handler                              0x08003763   Thumb Code     2  stm32f4xx_it.o(i.NMI_Handler)
    OLED_Clear                               0x08003765   Thumb Code    36  oled.o(i.OLED_Clear)
    OLED_DrawPoint                           0x0800378d   Thumb Code    48  oled.o(i.OLED_DrawPoint)
    OLED_Init                                0x080037c1   Thumb Code   230  oled.o(i.OLED_Init)
    OLED_Refresh_Gram                        0x080038a9   Thumb Code    46  oled.o(i.OLED_Refresh_Gram)
    OLED_SetPos                              0x080038dd   Thumb Code    40  oled.o(i.OLED_SetPos)
    OLED_ShowChar                            0x08003905   Thumb Code    96  oled.o(i.OLED_ShowChar)
    OLED_ShowString                          0x08003969   Thumb Code    46  oled.o(i.OLED_ShowString)
    OLED_printf                              0x08003999   Thumb Code    54  oled.o(i.OLED_printf)
    PendSV_Handler                           0x080039d9   Thumb Code     2  stm32f4xx_it.o(i.PendSV_Handler)
    SVC_Handler                              0x080039db   Thumb Code     2  stm32f4xx_it.o(i.SVC_Handler)
    SysTick_Handler                          0x080039dd   Thumb Code     4  stm32f4xx_it.o(i.SysTick_Handler)
    SystemClock_Config                       0x080039e1   Thumb Code   140  main.o(i.SystemClock_Config)
    SystemInit                               0x08003a75   Thumb Code    12  system_stm32f4xx.o(i.SystemInit)
    TIM1_UP_TIM10_IRQHandler                 0x08003a85   Thumb Code     6  stm32f4xx_it.o(i.TIM1_UP_TIM10_IRQHandler)
    TIM_Base_SetConfig                       0x08003a91   Thumb Code   122  stm32f4xx_hal_tim.o(i.TIM_Base_SetConfig)
    TIM_ETR_SetConfig                        0x08003b29   Thumb Code    20  stm32f4xx_hal_tim.o(i.TIM_ETR_SetConfig)
    UART_Start_Receive_IT                    0x08003dbd   Thumb Code    54  stm32f4xx_hal_uart.o(i.UART_Start_Receive_IT)
    USART1_IRQHandler                        0x08003e6d   Thumb Code     6  stm32f4xx_it.o(i.USART1_IRQHandler)
    USART2_IRQHandler                        0x08003e79   Thumb Code     6  stm32f4xx_it.o(i.USART2_IRQHandler)
    UsageFault_Handler                       0x08003e85   Thumb Code     2  stm32f4xx_it.o(i.UsageFault_Handler)
    __ARM_fpclassify                         0x08003e87   Thumb Code    48  fpclassify.o(i.__ARM_fpclassify)
    _is_digit                                0x08003ed7   Thumb Code    14  __printf_wp.o(i._is_digit)
    main                                     0x08003ee5   Thumb Code    88  main.o(i.main)
    motion_act                               0x08003f65   Thumb Code   108  ctrl.o(i.motion_act)
    motion_logic                             0x08004001   Thumb Code    52  ctrl.o(i.motion_logic)
    motor1_neg                               0x08004039   Thumb Code    28  ctrl.o(i.motor1_neg)
    motor1_pos                               0x08004059   Thumb Code    30  ctrl.o(i.motor1_pos)
    motor1_stop                              0x0800407d   Thumb Code    30  ctrl.o(i.motor1_stop)
    motor2_neg                               0x080040a1   Thumb Code    28  ctrl.o(i.motor2_neg)
    motor2_pos                               0x080040c5   Thumb Code    26  ctrl.o(i.motor2_pos)
    motor2_stop                              0x080040e9   Thumb Code    28  ctrl.o(i.motor2_stop)
    motor3_neg                               0x0800410d   Thumb Code    28  ctrl.o(i.motor3_neg)
    motor3_pos                               0x0800412d   Thumb Code    28  ctrl.o(i.motor3_pos)
    motor3_stop                              0x0800414d   Thumb Code    28  ctrl.o(i.motor3_stop)
    motor_all_stop                           0x0800416d   Thumb Code    18  ctrl.o(i.motor_all_stop)
    move_back                                0x0800417f   Thumb Code    18  ctrl.o(i.move_back)
    move_forward                             0x08004191   Thumb Code    18  ctrl.o(i.move_forward)
    move_left                                0x080041a3   Thumb Code    18  ctrl.o(i.move_left)
    move_right                               0x080041b5   Thumb Code    18  ctrl.o(i.move_right)
    oled_write_byte                          0x080041c9   Thumb Code    36  oled.o(i.oled_write_byte)
    usart_printf                             0x080041f1   Thumb Code    48  print.o(i.usart_printf)
    _get_lc_numeric                          0x08004229   Thumb Code    44  lc_numeric_c.o(locale$$code)
    _get_lc_ctype                            0x08004255   Thumb Code    44  lc_ctype_c.o(locale$$code)
    _fp_init                                 0x08004281   Thumb Code    10  fpinit.o(x$fpl$fpinit)
    __fplib_config_fpu_vfp                   0x08004289   Thumb Code     0  fpinit.o(x$fpl$fpinit)
    __fplib_config_pureend_doubles           0x08004289   Thumb Code     0  fpinit.o(x$fpl$fpinit)
    _printf_fp_dec                           0x0800428b   Thumb Code     4  printf1.o(x$fpl$printf1)
    _printf_fp_hex                           0x0800428f   Thumb Code     4  printf2.o(x$fpl$printf2)
    AHBPrescTable                            0x08004292   Data          16  system_stm32f4xx.o(.constdata)
    __I$use$fp                               0x08004292   Number         0  usenofp.o(x$fpl$usenofp)
    APBPrescTable                            0x080042a2   Data           8  system_stm32f4xx.o(.constdata)
    ascii_1206                               0x080042aa   Data        1140  oled.o(.constdata)
    LOGO2_DUT0BUG                            0x0800471e   Data        1024  oled.o(.constdata)
    Region$$Table$$Base                      0x08004c1c   Number         0  anon$$obj.o(Region$$Table)
    Region$$Table$$Limit                     0x08004c3c   Number         0  anon$$obj.o(Region$$Table)
    __ctype                                  0x08004c65   Data           0  lc_ctype_c.o(locale$$data)
    uwTickFreq                               0x20000000   Data           1  stm32f4xx_hal.o(.data)
    uwTickPrio                               0x20000004   Data           4  stm32f4xx_hal.o(.data)
    uwTick                                   0x20000008   Data           4  stm32f4xx_hal.o(.data)
    SystemCoreClock                          0x2000000c   Data           4  system_stm32f4xx.o(.data)
    action_select                            0x20000010   Data           1  ctrl.o(.data)
    receive_byte                             0x20000011   Data           1  ctrl.o(.data)
    action_counter                           0x20000012   Data           2  ctrl.o(.data)
    tim1clk                                  0x20000014   Data           2  ctrl.o(.data)
    hi2c2                                    0x20000028   Data          84  i2c.o(.bss)
    htim1                                    0x2000007c   Data          72  tim.o(.bss)
    htim11                                   0x200000c4   Data          72  tim.o(.bss)
    huart1                                   0x2000010c   Data          68  usart.o(.bss)
    huart2                                   0x20000150   Data          68  usart.o(.bss)
    OLED_GRAM                                0x20000340   Data        1024  oled.o(.bss)
    __libspace_start                         0x20000740   Data          96  libspace.o(.bss)
    __temporary_stack_top$libspace           0x200007a0   Data           0  libspace.o(.bss)



==============================================================================

Memory Map of the image

  Image Entry point : 0x08000195

  Load Region LR_IROM1 (Base: 0x08000000, Size: 0x00004d90, Max: 0x00040000, ABSOLUTE)

    Execution Region ER_IROM1 (Exec base: 0x08000000, Load base: 0x08000000, Size: 0x00004d68, Max: 0x00040000, ABSOLUTE)

    Exec Addr    Load Addr    Size         Type   Attr      Idx    E Section Name        Object

    0x08000000   0x08000000   0x00000194   Data   RO            3    RESET               startup_stm32f401xc.o
    0x08000194   0x08000194   0x00000008   Code   RO         3820  * !!!main             c_w.l(__main.o)
    0x0800019c   0x0800019c   0x00000034   Code   RO         4132    !!!scatter          c_w.l(__scatter.o)
    0x080001d0   0x080001d0   0x0000001a   Code   RO         4134    !!handler_copy      c_w.l(__scatter_copy.o)
    0x080001ea   0x080001ea   0x00000002   PAD
    0x080001ec   0x080001ec   0x0000001c   Code   RO         4136    !!handler_zi        c_w.l(__scatter_zi.o)
    0x08000208   0x08000208   0x00000000   Code   RO         3815    .ARM.Collect$$_printf_percent$$00000000  c_w.l(_printf_percent.o)
    0x08000208   0x08000208   0x00000006   Code   RO         3881    .ARM.Collect$$_printf_percent$$00000001  c_w.l(_printf_n.o)
    0x0800020e   0x0800020e   0x00000006   Code   RO         3883    .ARM.Collect$$_printf_percent$$00000002  c_w.l(_printf_p.o)
    0x08000214   0x08000214   0x00000006   Code   RO         3814    .ARM.Collect$$_printf_percent$$00000003  c_w.l(_printf_f.o)
    0x0800021a   0x0800021a   0x00000006   Code   RO         3887    .ARM.Collect$$_printf_percent$$00000004  c_w.l(_printf_e.o)
    0x08000220   0x08000220   0x00000006   Code   RO         3888    .ARM.Collect$$_printf_percent$$00000005  c_w.l(_printf_g.o)
    0x08000226   0x08000226   0x00000006   Code   RO         3889    .ARM.Collect$$_printf_percent$$00000006  c_w.l(_printf_a.o)
    0x0800022c   0x0800022c   0x0000000a   Code   RO         3894    .ARM.Collect$$_printf_percent$$00000007  c_w.l(_printf_ll.o)
    0x08000236   0x08000236   0x00000006   Code   RO         3885    .ARM.Collect$$_printf_percent$$00000008  c_w.l(_printf_i.o)
    0x0800023c   0x0800023c   0x00000006   Code   RO         3813    .ARM.Collect$$_printf_percent$$00000009  c_w.l(_printf_d.o)
    0x08000242   0x08000242   0x00000006   Code   RO         3886    .ARM.Collect$$_printf_percent$$0000000A  c_w.l(_printf_u.o)
    0x08000248   0x08000248   0x00000006   Code   RO         3884    .ARM.Collect$$_printf_percent$$0000000B  c_w.l(_printf_o.o)
    0x0800024e   0x0800024e   0x00000006   Code   RO         3882    .ARM.Collect$$_printf_percent$$0000000C  c_w.l(_printf_x.o)
    0x08000254   0x08000254   0x00000006   Code   RO         3891    .ARM.Collect$$_printf_percent$$0000000D  c_w.l(_printf_lli.o)
    0x0800025a   0x0800025a   0x00000006   Code   RO         3892    .ARM.Collect$$_printf_percent$$0000000E  c_w.l(_printf_lld.o)
    0x08000260   0x08000260   0x00000006   Code   RO         3893    .ARM.Collect$$_printf_percent$$0000000F  c_w.l(_printf_llu.o)
    0x08000266   0x08000266   0x00000006   Code   RO         3898    .ARM.Collect$$_printf_percent$$00000010  c_w.l(_printf_llo.o)
    0x0800026c   0x0800026c   0x00000006   Code   RO         3899    .ARM.Collect$$_printf_percent$$00000011  c_w.l(_printf_llx.o)
    0x08000272   0x08000272   0x0000000a   Code   RO         3895    .ARM.Collect$$_printf_percent$$00000012  c_w.l(_printf_l.o)
    0x0800027c   0x0800027c   0x00000006   Code   RO         3879    .ARM.Collect$$_printf_percent$$00000013  c_w.l(_printf_c.o)
    0x08000282   0x08000282   0x00000006   Code   RO         3880    .ARM.Collect$$_printf_percent$$00000014  c_w.l(_printf_s.o)
    0x08000288   0x08000288   0x00000006   Code   RO         3896    .ARM.Collect$$_printf_percent$$00000015  c_w.l(_printf_lc.o)
    0x0800028e   0x0800028e   0x00000006   Code   RO         3897    .ARM.Collect$$_printf_percent$$00000016  c_w.l(_printf_ls.o)
    0x08000294   0x08000294   0x00000004   Code   RO         3890    .ARM.Collect$$_printf_percent$$00000017  c_w.l(_printf_percent_end.o)
    0x08000298   0x08000298   0x00000002   Code   RO         4000    .ARM.Collect$$libinit$$00000000  c_w.l(libinit.o)
    0x0800029a   0x0800029a   0x00000004   Code   RO         4001    .ARM.Collect$$libinit$$00000001  c_w.l(libinit2.o)
    0x0800029e   0x0800029e   0x00000000   Code   RO         4004    .ARM.Collect$$libinit$$00000004  c_w.l(libinit2.o)
    0x0800029e   0x0800029e   0x00000000   Code   RO         4007    .ARM.Collect$$libinit$$0000000A  c_w.l(libinit2.o)
    0x0800029e   0x0800029e   0x00000000   Code   RO         4009    .ARM.Collect$$libinit$$0000000C  c_w.l(libinit2.o)
    0x0800029e   0x0800029e   0x00000000   Code   RO         4011    .ARM.Collect$$libinit$$0000000E  c_w.l(libinit2.o)
    0x0800029e   0x0800029e   0x00000006   Code   RO         4012    .ARM.Collect$$libinit$$0000000F  c_w.l(libinit2.o)
    0x080002a4   0x080002a4   0x00000000   Code   RO         4014    .ARM.Collect$$libinit$$00000011  c_w.l(libinit2.o)
    0x080002a4   0x080002a4   0x0000000c   Code   RO         4015    .ARM.Collect$$libinit$$00000012  c_w.l(libinit2.o)
    0x080002b0   0x080002b0   0x00000000   Code   RO         4016    .ARM.Collect$$libinit$$00000013  c_w.l(libinit2.o)
    0x080002b0   0x080002b0   0x00000000   Code   RO         4018    .ARM.Collect$$libinit$$00000015  c_w.l(libinit2.o)
    0x080002b0   0x080002b0   0x0000000a   Code   RO         4019    .ARM.Collect$$libinit$$00000016  c_w.l(libinit2.o)
    0x080002ba   0x080002ba   0x00000000   Code   RO         4020    .ARM.Collect$$libinit$$00000017  c_w.l(libinit2.o)
    0x080002ba   0x080002ba   0x00000000   Code   RO         4022    .ARM.Collect$$libinit$$00000019  c_w.l(libinit2.o)
    0x080002ba   0x080002ba   0x00000000   Code   RO         4024    .ARM.Collect$$libinit$$0000001B  c_w.l(libinit2.o)
    0x080002ba   0x080002ba   0x00000000   Code   RO         4026    .ARM.Collect$$libinit$$0000001D  c_w.l(libinit2.o)
    0x080002ba   0x080002ba   0x00000000   Code   RO         4028    .ARM.Collect$$libinit$$0000001F  c_w.l(libinit2.o)
    0x080002ba   0x080002ba   0x00000000   Code   RO         4030    .ARM.Collect$$libinit$$00000021  c_w.l(libinit2.o)
    0x080002ba   0x080002ba   0x00000000   Code   RO         4032    .ARM.Collect$$libinit$$00000023  c_w.l(libinit2.o)
    0x080002ba   0x080002ba   0x00000000   Code   RO         4034    .ARM.Collect$$libinit$$00000025  c_w.l(libinit2.o)
    0x080002ba   0x080002ba   0x00000000   Code   RO         4038    .ARM.Collect$$libinit$$0000002C  c_w.l(libinit2.o)
    0x080002ba   0x080002ba   0x00000000   Code   RO         4040    .ARM.Collect$$libinit$$0000002E  c_w.l(libinit2.o)
    0x080002ba   0x080002ba   0x00000000   Code   RO         4042    .ARM.Collect$$libinit$$00000030  c_w.l(libinit2.o)
    0x080002ba   0x080002ba   0x00000000   Code   RO         4044    .ARM.Collect$$libinit$$00000032  c_w.l(libinit2.o)
    0x080002ba   0x080002ba   0x00000002   Code   RO         4045    .ARM.Collect$$libinit$$00000033  c_w.l(libinit2.o)
    0x080002bc   0x080002bc   0x00000002   Code   RO         4095    .ARM.Collect$$libshutdown$$00000000  c_w.l(libshutdown.o)
    0x080002be   0x080002be   0x00000000   Code   RO         4113    .ARM.Collect$$libshutdown$$00000002  c_w.l(libshutdown2.o)
    0x080002be   0x080002be   0x00000000   Code   RO         4115    .ARM.Collect$$libshutdown$$00000004  c_w.l(libshutdown2.o)
    0x080002be   0x080002be   0x00000000   Code   RO         4117    .ARM.Collect$$libshutdown$$00000006  c_w.l(libshutdown2.o)
    0x080002be   0x080002be   0x00000000   Code   RO         4120    .ARM.Collect$$libshutdown$$00000009  c_w.l(libshutdown2.o)
    0x080002be   0x080002be   0x00000000   Code   RO         4123    .ARM.Collect$$libshutdown$$0000000C  c_w.l(libshutdown2.o)
    0x080002be   0x080002be   0x00000000   Code   RO         4125    .ARM.Collect$$libshutdown$$0000000E  c_w.l(libshutdown2.o)
    0x080002be   0x080002be   0x00000000   Code   RO         4128    .ARM.Collect$$libshutdown$$00000011  c_w.l(libshutdown2.o)
    0x080002be   0x080002be   0x00000002   Code   RO         4129    .ARM.Collect$$libshutdown$$00000012  c_w.l(libshutdown2.o)
    0x080002c0   0x080002c0   0x00000000   Code   RO         3826    .ARM.Collect$$rtentry$$00000000  c_w.l(__rtentry.o)
    0x080002c0   0x080002c0   0x00000000   Code   RO         3912    .ARM.Collect$$rtentry$$00000002  c_w.l(__rtentry2.o)
    0x080002c0   0x080002c0   0x00000006   Code   RO         3924    .ARM.Collect$$rtentry$$00000004  c_w.l(__rtentry4.o)
    0x080002c6   0x080002c6   0x00000000   Code   RO         3914    .ARM.Collect$$rtentry$$00000009  c_w.l(__rtentry2.o)
    0x080002c6   0x080002c6   0x00000004   Code   RO         3915    .ARM.Collect$$rtentry$$0000000A  c_w.l(__rtentry2.o)
    0x080002ca   0x080002ca   0x00000000   Code   RO         3917    .ARM.Collect$$rtentry$$0000000C  c_w.l(__rtentry2.o)
    0x080002ca   0x080002ca   0x00000008   Code   RO         3918    .ARM.Collect$$rtentry$$0000000D  c_w.l(__rtentry2.o)
    0x080002d2   0x080002d2   0x00000002   Code   RO         4046    .ARM.Collect$$rtexit$$00000000  c_w.l(rtexit.o)
    0x080002d4   0x080002d4   0x00000000   Code   RO         4064    .ARM.Collect$$rtexit$$00000002  c_w.l(rtexit2.o)
    0x080002d4   0x080002d4   0x00000004   Code   RO         4065    .ARM.Collect$$rtexit$$00000003  c_w.l(rtexit2.o)
    0x080002d8   0x080002d8   0x00000006   Code   RO         4066    .ARM.Collect$$rtexit$$00000004  c_w.l(rtexit2.o)
    0x080002de   0x080002de   0x00000002   PAD
    0x080002e0   0x080002e0   0x00000040   Code   RO            4    .text               startup_stm32f401xc.o
    0x08000320   0x08000320   0x000000ee   Code   RO         3781    .text               c_w.l(lludivv7m.o)
    0x0800040e   0x0800040e   0x00000002   PAD
    0x08000410   0x08000410   0x00000024   Code   RO         3783    .text               c_w.l(vsprintf.o)
    0x08000434   0x08000434   0x00000078   Code   RO         3791    .text               c_w.l(_printf_dec.o)
    0x080004ac   0x080004ac   0x00000188   Code   RO         3810    .text               c_w.l(__printf_flags_ss_wp.o)
    0x08000634   0x08000634   0x0000004e   Code   RO         3816    .text               c_w.l(rt_memclr_w.o)
    0x08000682   0x08000682   0x00000006   Code   RO         3818    .text               c_w.l(heapauxi.o)
    0x08000688   0x08000688   0x0000004e   Code   RO         3831    .text               c_w.l(_printf_pad.o)
    0x080006d6   0x080006d6   0x00000024   Code   RO         3833    .text               c_w.l(_printf_truncate.o)
    0x080006fa   0x080006fa   0x00000052   Code   RO         3835    .text               c_w.l(_printf_str.o)
    0x0800074c   0x0800074c   0x000000b2   Code   RO         3837    .text               c_w.l(_printf_intcommon.o)
    0x080007fe   0x080007fe   0x00000028   Code   RO         3839    .text               c_w.l(_printf_charcount.o)
    0x08000826   0x08000826   0x0000041e   Code   RO         3841    .text               c_w.l(_printf_fp_dec.o)
    0x08000c44   0x08000c44   0x00000030   Code   RO         3843    .text               c_w.l(_printf_char_common.o)
    0x08000c74   0x08000c74   0x0000000a   Code   RO         3845    .text               c_w.l(_sputc.o)
    0x08000c7e   0x08000c7e   0x00000002   PAD
    0x08000c80   0x08000c80   0x000000bc   Code   RO         3847    .text               c_w.l(_printf_wctomb.o)
    0x08000d3c   0x08000d3c   0x0000007c   Code   RO         3850    .text               c_w.l(_printf_longlong_dec.o)
    0x08000db8   0x08000db8   0x00000070   Code   RO         3856    .text               c_w.l(_printf_oct_int_ll.o)
    0x08000e28   0x08000e28   0x00000094   Code   RO         3876    .text               c_w.l(_printf_hex_int_ll_ptr.o)
    0x08000ebc   0x08000ebc   0x00000008   Code   RO         3931    .text               c_w.l(rt_locale_intlibspace.o)
    0x08000ec4   0x08000ec4   0x0000008a   Code   RO         3933    .text               c_w.l(lludiv10.o)
    0x08000f4e   0x08000f4e   0x00000002   PAD
    0x08000f50   0x08000f50   0x000002fc   Code   RO         3935    .text               c_w.l(_printf_fp_hex.o)
    0x0800124c   0x0800124c   0x00000080   Code   RO         3938    .text               c_w.l(_printf_fp_infnan.o)
    0x080012cc   0x080012cc   0x0000002c   Code   RO         3942    .text               c_w.l(_printf_char.o)
    0x080012f8   0x080012f8   0x0000002c   Code   RO         3944    .text               c_w.l(_printf_wchar.o)
    0x08001324   0x08001324   0x000000e4   Code   RO         3946    .text               c_w.l(bigflt0.o)
    0x08001408   0x08001408   0x00000040   Code   RO         3971    .text               c_w.l(_wcrtomb.o)
    0x08001448   0x08001448   0x00000008   Code   RO         3980    .text               c_w.l(libspace.o)
    0x08001450   0x08001450   0x0000004a   Code   RO         3983    .text               c_w.l(sys_stackheap_outer.o)
    0x0800149a   0x0800149a   0x00000002   PAD
    0x0800149c   0x0800149c   0x00000010   Code   RO         3985    .text               c_w.l(rt_ctype_table.o)
    0x080014ac   0x080014ac   0x00000012   Code   RO         3987    .text               c_w.l(exit.o)
    0x080014be   0x080014be   0x00000002   PAD
    0x080014c0   0x080014c0   0x00000080   Code   RO         3993    .text               c_w.l(strcmpv7m.o)
    0x08001540   0x08001540   0x0000000c   Code   RO         4061    .text               c_w.l(sys_exit.o)
    0x0800154c   0x0800154c   0x00000002   Code   RO         4082    .text               c_w.l(use_no_semi.o)
    0x0800154e   0x0800154e   0x00000000   Code   RO         4084    .text               c_w.l(indicate_semi.o)
    0x0800154e   0x0800154e   0x0000003e   Code   RO         3949    CL$$btod_d2e        c_w.l(btod.o)
    0x0800158c   0x0800158c   0x00000046   Code   RO         3951    CL$$btod_d2e_denorm_low  c_w.l(btod.o)
    0x080015d2   0x080015d2   0x00000060   Code   RO         3950    CL$$btod_d2e_norm_op1  c_w.l(btod.o)
    0x08001632   0x08001632   0x00000338   Code   RO         3959    CL$$btod_div_common  c_w.l(btod.o)
    0x0800196a   0x0800196a   0x000000dc   Code   RO         3956    CL$$btod_e2e        c_w.l(btod.o)
    0x08001a46   0x08001a46   0x0000002a   Code   RO         3953    CL$$btod_ediv       c_w.l(btod.o)
    0x08001a70   0x08001a70   0x0000002a   Code   RO         3952    CL$$btod_emul       c_w.l(btod.o)
    0x08001a9a   0x08001a9a   0x00000244   Code   RO         3958    CL$$btod_mult_common  c_w.l(btod.o)
    0x08001cde   0x08001cde   0x00000002   Code   RO          349    i.BusFault_Handler  stm32f4xx_it.o
    0x08001ce0   0x08001ce0   0x00000002   Code   RO          350    i.DebugMon_Handler  stm32f4xx_it.o
    0x08001ce2   0x08001ce2   0x00000004   Code   RO           13    i.Error_Handler     main.o
    0x08001ce6   0x08001ce6   0x00000092   Code   RO         1415    i.HAL_DMA_Abort     stm32f4xx_hal_dma.o
    0x08001d78   0x08001d78   0x00000024   Code   RO         1416    i.HAL_DMA_Abort_IT  stm32f4xx_hal_dma.o
    0x08001d9c   0x08001d9c   0x00000024   Code   RO         1858    i.HAL_Delay         stm32f4xx_hal.o
    0x08001dc0   0x08001dc0   0x000001e0   Code   RO         1308    i.HAL_GPIO_Init     stm32f4xx_hal_gpio.o
    0x08001fa0   0x08001fa0   0x00000010   Code   RO         1311    i.HAL_GPIO_TogglePin  stm32f4xx_hal_gpio.o
    0x08001fb0   0x08001fb0   0x0000000a   Code   RO         1312    i.HAL_GPIO_WritePin  stm32f4xx_hal_gpio.o
    0x08001fba   0x08001fba   0x00000002   PAD
    0x08001fbc   0x08001fbc   0x0000000c   Code   RO         1864    i.HAL_GetTick       stm32f4xx_hal.o
    0x08001fc8   0x08001fc8   0x00000188   Code   RO          478    i.HAL_I2C_Init      stm32f4xx_hal_i2c.o
    0x08002150   0x08002150   0x0000012c   Code   RO          491    i.HAL_I2C_Master_Transmit  stm32f4xx_hal_i2c.o
    0x0800227c   0x0800227c   0x00000084   Code   RO          212    i.HAL_I2C_MspInit   i2c.o
    0x08002300   0x08002300   0x00000010   Code   RO         1870    i.HAL_IncTick       stm32f4xx_hal.o
    0x08002310   0x08002310   0x00000034   Code   RO         1871    i.HAL_Init          stm32f4xx_hal.o
    0x08002344   0x08002344   0x00000040   Code   RO         1872    i.HAL_InitTick      stm32f4xx_hal.o
    0x08002384   0x08002384   0x00000030   Code   RO          443    i.HAL_MspInit       stm32f4xx_hal_msp.o
    0x080023b4   0x080023b4   0x0000001a   Code   RO         1721    i.HAL_NVIC_EnableIRQ  stm32f4xx_hal_cortex.o
    0x080023ce   0x080023ce   0x00000002   PAD
    0x080023d0   0x080023d0   0x00000040   Code   RO         1727    i.HAL_NVIC_SetPriority  stm32f4xx_hal_cortex.o
    0x08002410   0x08002410   0x00000024   Code   RO         1728    i.HAL_NVIC_SetPriorityGrouping  stm32f4xx_hal_cortex.o
    0x08002434   0x08002434   0x00000134   Code   RO          930    i.HAL_RCC_ClockConfig  stm32f4xx_hal_rcc.o
    0x08002568   0x08002568   0x00000020   Code   RO          937    i.HAL_RCC_GetPCLK1Freq  stm32f4xx_hal_rcc.o
    0x08002588   0x08002588   0x00000020   Code   RO          938    i.HAL_RCC_GetPCLK2Freq  stm32f4xx_hal_rcc.o
    0x080025a8   0x080025a8   0x00000064   Code   RO          939    i.HAL_RCC_GetSysClockFreq  stm32f4xx_hal_rcc.o
    0x0800260c   0x0800260c   0x0000036c   Code   RO          942    i.HAL_RCC_OscConfig  stm32f4xx_hal_rcc.o
    0x08002978   0x08002978   0x00000028   Code   RO         1732    i.HAL_SYSTICK_Config  stm32f4xx_hal_cortex.o
    0x080029a0   0x080029a0   0x00000002   Code   RO         2815    i.HAL_TIMEx_BreakCallback  stm32f4xx_hal_tim_ex.o
    0x080029a2   0x080029a2   0x00000002   Code   RO         2816    i.HAL_TIMEx_CommutCallback  stm32f4xx_hal_tim_ex.o
    0x080029a4   0x080029a4   0x0000007c   Code   RO         2834    i.HAL_TIMEx_MasterConfigSynchronization  stm32f4xx_hal_tim_ex.o
    0x08002a20   0x08002a20   0x0000005a   Code   RO         2111    i.HAL_TIM_Base_Init  stm32f4xx_hal_tim.o
    0x08002a7a   0x08002a7a   0x00000002   PAD
    0x08002a7c   0x08002a7c   0x00000054   Code   RO          254    i.HAL_TIM_Base_MspInit  tim.o
    0x08002ad0   0x08002ad0   0x00000064   Code   RO         2114    i.HAL_TIM_Base_Start  stm32f4xx_hal_tim.o
    0x08002b34   0x08002b34   0x0000006c   Code   RO         2116    i.HAL_TIM_Base_Start_IT  stm32f4xx_hal_tim.o
    0x08002ba0   0x08002ba0   0x000000dc   Code   RO         2120    i.HAL_TIM_ConfigClockSource  stm32f4xx_hal_tim.o
    0x08002c7c   0x08002c7c   0x00000002   Code   RO         2145    i.HAL_TIM_IC_CaptureCallback  stm32f4xx_hal_tim.o
    0x08002c7e   0x08002c7e   0x00000166   Code   RO         2159    i.HAL_TIM_IRQHandler  stm32f4xx_hal_tim.o
    0x08002de4   0x08002de4   0x00000002   Code   RO         2162    i.HAL_TIM_OC_DelayElapsedCallback  stm32f4xx_hal_tim.o
    0x08002de6   0x08002de6   0x00000002   Code   RO         2189    i.HAL_TIM_PWM_PulseFinishedCallback  stm32f4xx_hal_tim.o
    0x08002de8   0x08002de8   0x00000060   Code   RO         3511    i.HAL_TIM_PeriodElapsedCallback  ctrl.o
    0x08002e48   0x08002e48   0x00000002   Code   RO         2202    i.HAL_TIM_TriggerCallback  stm32f4xx_hal_tim.o
    0x08002e4a   0x08002e4a   0x00000002   Code   RO         3093    i.HAL_UARTEx_RxEventCallback  stm32f4xx_hal_uart.o
    0x08002e4c   0x08002e4c   0x00000002   Code   RO         3107    i.HAL_UART_ErrorCallback  stm32f4xx_hal_uart.o
    0x08002e4e   0x08002e4e   0x00000002   PAD
    0x08002e50   0x08002e50   0x00000268   Code   RO         3110    i.HAL_UART_IRQHandler  stm32f4xx_hal_uart.o
    0x080030b8   0x080030b8   0x00000062   Code   RO         3111    i.HAL_UART_Init     stm32f4xx_hal_uart.o
    0x0800311a   0x0800311a   0x00000002   PAD
    0x0800311c   0x0800311c   0x000000c8   Code   RO          302    i.HAL_UART_MspInit  usart.o
    0x080031e4   0x080031e4   0x0000002a   Code   RO         3116    i.HAL_UART_Receive_IT  stm32f4xx_hal_uart.o
    0x0800320e   0x0800320e   0x00000002   PAD
    0x08003210   0x08003210   0x0000001c   Code   RO         3512    i.HAL_UART_RxCpltCallback  ctrl.o
    0x0800322c   0x0800322c   0x000000b2   Code   RO         3119    i.HAL_UART_Transmit  stm32f4xx_hal_uart.o
    0x080032de   0x080032de   0x00000002   Code   RO         3122    i.HAL_UART_TxCpltCallback  stm32f4xx_hal_uart.o
    0x080032e0   0x080032e0   0x00000002   Code   RO          351    i.HardFault_Handler  stm32f4xx_it.o
    0x080032e2   0x080032e2   0x0000002e   Code   RO          520    i.I2C_IsAcknowledgeFailed  stm32f4xx_hal_i2c.o
    0x08003310   0x08003310   0x0000009c   Code   RO          524    i.I2C_MasterRequestWrite  stm32f4xx_hal_i2c.o
    0x080033ac   0x080033ac   0x0000004c   Code   RO          535    i.I2C_WaitOnBTFFlagUntilTimeout  stm32f4xx_hal_i2c.o
    0x080033f8   0x080033f8   0x00000068   Code   RO          536    i.I2C_WaitOnFlagUntilTimeout  stm32f4xx_hal_i2c.o
    0x08003460   0x08003460   0x00000096   Code   RO          537    i.I2C_WaitOnMasterAddressFlagUntilTimeout  stm32f4xx_hal_i2c.o
    0x080034f6   0x080034f6   0x0000004c   Code   RO          539    i.I2C_WaitOnTXEFlagUntilTimeout  stm32f4xx_hal_i2c.o
    0x08003542   0x08003542   0x00000002   PAD
    0x08003544   0x08003544   0x000000d0   Code   RO          187    i.MX_GPIO_Init      gpio.o
    0x08003614   0x08003614   0x00000040   Code   RO          213    i.MX_I2C2_Init      i2c.o
    0x08003654   0x08003654   0x00000034   Code   RO          255    i.MX_TIM11_Init     tim.o
    0x08003688   0x08003688   0x00000068   Code   RO          256    i.MX_TIM1_Init      tim.o
    0x080036f0   0x080036f0   0x00000038   Code   RO          303    i.MX_USART1_UART_Init  usart.o
    0x08003728   0x08003728   0x00000038   Code   RO          304    i.MX_USART2_UART_Init  usart.o
    0x08003760   0x08003760   0x00000002   Code   RO          352    i.MemManage_Handler  stm32f4xx_it.o
    0x08003762   0x08003762   0x00000002   Code   RO          353    i.NMI_Handler       stm32f4xx_it.o
    0x08003764   0x08003764   0x00000028   Code   RO         3676    i.OLED_Clear        oled.o
    0x0800378c   0x0800378c   0x00000034   Code   RO         3679    i.OLED_DrawPoint    oled.o
    0x080037c0   0x080037c0   0x000000e6   Code   RO         3680    i.OLED_Init         oled.o
    0x080038a6   0x080038a6   0x00000002   PAD
    0x080038a8   0x080038a8   0x00000034   Code   RO         3682    i.OLED_Refresh_Gram  oled.o
    0x080038dc   0x080038dc   0x00000028   Code   RO         3683    i.OLED_SetPos       oled.o
    0x08003904   0x08003904   0x00000064   Code   RO         3684    i.OLED_ShowChar     oled.o
    0x08003968   0x08003968   0x0000002e   Code   RO         3685    i.OLED_ShowString   oled.o
    0x08003996   0x08003996   0x00000002   PAD
    0x08003998   0x08003998   0x00000040   Code   RO         3686    i.OLED_printf       oled.o
    0x080039d8   0x080039d8   0x00000002   Code   RO          354    i.PendSV_Handler    stm32f4xx_it.o
    0x080039da   0x080039da   0x00000002   Code   RO          355    i.SVC_Handler       stm32f4xx_it.o
    0x080039dc   0x080039dc   0x00000004   Code   RO          356    i.SysTick_Handler   stm32f4xx_it.o
    0x080039e0   0x080039e0   0x00000094   Code   RO           14    i.SystemClock_Config  main.o
    0x08003a74   0x08003a74   0x00000010   Code   RO         3440    i.SystemInit        system_stm32f4xx.o
    0x08003a84   0x08003a84   0x0000000c   Code   RO          357    i.TIM1_UP_TIM10_IRQHandler  stm32f4xx_it.o
    0x08003a90   0x08003a90   0x00000098   Code   RO         2204    i.TIM_Base_SetConfig  stm32f4xx_hal_tim.o
    0x08003b28   0x08003b28   0x00000014   Code   RO         2215    i.TIM_ETR_SetConfig  stm32f4xx_hal_tim.o
    0x08003b3c   0x08003b3c   0x00000010   Code   RO         2216    i.TIM_ITRx_SetConfig  stm32f4xx_hal_tim.o
    0x08003b4c   0x08003b4c   0x00000022   Code   RO         2222    i.TIM_TI1_ConfigInputStage  stm32f4xx_hal_tim.o
    0x08003b6e   0x08003b6e   0x00000024   Code   RO         2224    i.TIM_TI2_ConfigInputStage  stm32f4xx_hal_tim.o
    0x08003b92   0x08003b92   0x00000010   Code   RO         3124    i.UART_DMAAbortOnError  stm32f4xx_hal_uart.o
    0x08003ba2   0x08003ba2   0x0000004e   Code   RO         3134    i.UART_EndRxTransfer  stm32f4xx_hal_uart.o
    0x08003bf0   0x08003bf0   0x000000c0   Code   RO         3136    i.UART_Receive_IT   stm32f4xx_hal_uart.o
    0x08003cb0   0x08003cb0   0x0000010c   Code   RO         3137    i.UART_SetConfig    stm32f4xx_hal_uart.o
    0x08003dbc   0x08003dbc   0x00000036   Code   RO         3139    i.UART_Start_Receive_IT  stm32f4xx_hal_uart.o
    0x08003df2   0x08003df2   0x00000078   Code   RO         3140    i.UART_WaitOnFlagUntilTimeout  stm32f4xx_hal_uart.o
    0x08003e6a   0x08003e6a   0x00000002   PAD
    0x08003e6c   0x08003e6c   0x0000000c   Code   RO          358    i.USART1_IRQHandler  stm32f4xx_it.o
    0x08003e78   0x08003e78   0x0000000c   Code   RO          359    i.USART2_IRQHandler  stm32f4xx_it.o
    0x08003e84   0x08003e84   0x00000002   Code   RO          360    i.UsageFault_Handler  stm32f4xx_it.o
    0x08003e86   0x08003e86   0x00000030   Code   RO         3978    i.__ARM_fpclassify  m_wm.l(fpclassify.o)
    0x08003eb6   0x08003eb6   0x00000020   Code   RO         1734    i.__NVIC_SetPriority  stm32f4xx_hal_cortex.o
    0x08003ed6   0x08003ed6   0x0000000e   Code   RO         3803    i._is_digit         c_w.l(__printf_wp.o)
    0x08003ee4   0x08003ee4   0x00000080   Code   RO           15    i.main              main.o
    0x08003f64   0x08003f64   0x0000009c   Code   RO         3513    i.motion_act        ctrl.o
    0x08004000   0x08004000   0x00000038   Code   RO         3514    i.motion_logic      ctrl.o
    0x08004038   0x08004038   0x00000020   Code   RO         3515    i.motor1_neg        ctrl.o
    0x08004058   0x08004058   0x00000024   Code   RO         3516    i.motor1_pos        ctrl.o
    0x0800407c   0x0800407c   0x00000024   Code   RO         3517    i.motor1_stop       ctrl.o
    0x080040a0   0x080040a0   0x00000024   Code   RO         3518    i.motor2_neg        ctrl.o
    0x080040c4   0x080040c4   0x00000024   Code   RO         3519    i.motor2_pos        ctrl.o
    0x080040e8   0x080040e8   0x00000024   Code   RO         3520    i.motor2_stop       ctrl.o
    0x0800410c   0x0800410c   0x00000020   Code   RO         3521    i.motor3_neg        ctrl.o
    0x0800412c   0x0800412c   0x00000020   Code   RO         3522    i.motor3_pos        ctrl.o
    0x0800414c   0x0800414c   0x00000020   Code   RO         3523    i.motor3_stop       ctrl.o
    0x0800416c   0x0800416c   0x00000012   Code   RO         3524    i.motor_all_stop    ctrl.o
    0x0800417e   0x0800417e   0x00000012   Code   RO         3525    i.move_back         ctrl.o
    0x08004190   0x08004190   0x00000012   Code   RO         3526    i.move_forward      ctrl.o
    0x080041a2   0x080041a2   0x00000012   Code   RO         3527    i.move_left         ctrl.o
    0x080041b4   0x080041b4   0x00000012   Code   RO         3528    i.move_right        ctrl.o
    0x080041c6   0x080041c6   0x00000002   PAD
    0x080041c8   0x080041c8   0x00000028   Code   RO         3687    i.oled_write_byte   oled.o
    0x080041f0   0x080041f0   0x00000038   Code   RO         3632    i.usart_printf      print.o
    0x08004228   0x08004228   0x0000002c   Code   RO         3974    locale$$code        c_w.l(lc_numeric_c.o)
    0x08004254   0x08004254   0x0000002c   Code   RO         4051    locale$$code        c_w.l(lc_ctype_c.o)
    0x08004280   0x08004280   0x0000000a   Code   RO         4059    x$fpl$fpinit        fz_wm.l(fpinit.o)
    0x0800428a   0x0800428a   0x00000004   Code   RO         3824    x$fpl$printf1       fz_wm.l(printf1.o)
    0x0800428e   0x0800428e   0x00000004   Code   RO         3904    x$fpl$printf2       fz_wm.l(printf2.o)
    0x08004292   0x08004292   0x00000000   Code   RO         3910    x$fpl$usenofp       fz_wm.l(usenofp.o)
    0x08004292   0x08004292   0x00000010   Data   RO         3441    .constdata          system_stm32f4xx.o
    0x080042a2   0x080042a2   0x00000008   Data   RO         3442    .constdata          system_stm32f4xx.o
    0x080042aa   0x080042aa   0x00000874   Data   RO         3689    .constdata          oled.o
    0x08004b1e   0x08004b1e   0x00000011   Data   RO         3811    .constdata          c_w.l(__printf_flags_ss_wp.o)
    0x08004b2f   0x08004b2f   0x00000001   PAD
    0x08004b30   0x08004b30   0x00000008   Data   RO         3848    .constdata          c_w.l(_printf_wctomb.o)
    0x08004b38   0x08004b38   0x00000028   Data   RO         3877    .constdata          c_w.l(_printf_hex_int_ll_ptr.o)
    0x08004b60   0x08004b60   0x00000026   Data   RO         3936    .constdata          c_w.l(_printf_fp_hex.o)
    0x08004b86   0x08004b86   0x00000002   PAD
    0x08004b88   0x08004b88   0x00000094   Data   RO         3947    .constdata          c_w.l(bigflt0.o)
    0x08004c1c   0x08004c1c   0x00000020   Data   RO         4130    Region$$Table       anon$$obj.o
    0x08004c3c   0x08004c3c   0x0000001c   Data   RO         3973    locale$$data        c_w.l(lc_numeric_c.o)
    0x08004c58   0x08004c58   0x00000110   Data   RO         4050    locale$$data        c_w.l(lc_ctype_c.o)


    Execution Region RW_IRAM1 (Exec base: 0x20000000, Load base: 0x08004d68, Size: 0x00000da0, Max: 0x00010000, ABSOLUTE)

    Exec Addr    Load Addr    Size         Type   Attr      Idx    E Section Name        Object

    0x20000000   0x08004d68   0x0000000c   Data   RW         1878    .data               stm32f4xx_hal.o
    0x2000000c   0x08004d74   0x00000004   Data   RW         3443    .data               system_stm32f4xx.o
    0x20000010   0x08004d78   0x00000006   Data   RW         3529    .data               ctrl.o
    0x20000016   0x08004d7e   0x00000002   PAD
    0x20000018   0x08004d80   0x00000008   Data   RW         3634    .data               print.o
    0x20000020   0x08004d88   0x00000008   Data   RW         3692    .data               oled.o
    0x20000028        -       0x00000054   Zero   RW          214    .bss                i2c.o
    0x2000007c        -       0x00000090   Zero   RW          257    .bss                tim.o
    0x2000010c        -       0x00000088   Zero   RW          305    .bss                usart.o
    0x20000194        -       0x0000012c   Zero   RW         3633    .bss                print.o
    0x200002c0        -       0x00000480   Zero   RW         3688    .bss                oled.o
    0x20000740        -       0x00000060   Zero   RW         3981    .bss                c_w.l(libspace.o)
    0x200007a0        -       0x00000200   Zero   RW            2    HEAP                startup_stm32f401xc.o
    0x200009a0        -       0x00000400   Zero   RW            1    STACK               startup_stm32f401xc.o


==============================================================================

Image component sizes


      Code (inc. data)   RO Data    RW Data    ZI Data      Debug   Object Name

       734        130          0          6          0       9479   ctrl.o
       208         18          0          0          0        959   gpio.o
       196         28          0          0         84       1641   i2c.o
       280         48          0          0          0     426466   main.o
       664         32       2164          8       1152       6523   oled.o
        56          8          0          8        300       1443   print.o
        64         26        404          0       1536        828   startup_stm32f401xc.o
       180         28          0         12          0       9153   stm32f4xx_hal.o
       198         14          0          0          0      33863   stm32f4xx_hal_cortex.o
       182          0          0          0          0       2055   stm32f4xx_hal_dma.o
       506         34          0          0          0       2761   stm32f4xx_hal_gpio.o
      1300         32          0          0          0       9029   stm32f4xx_hal_i2c.o
        48          6          0          0          0        826   stm32f4xx_hal_msp.o
      1348         76          0          0          0       5156   stm32f4xx_hal_rcc.o
      1142         72          0          0          0      10626   stm32f4xx_hal_tim.o
       128         20          0          0          0       2401   stm32f4xx_hal_tim_ex.o
      1668         16          0          0          0      11148   stm32f4xx_hal_uart.o
        56         18          0          0          0       5417   stm32f4xx_it.o
        16          4         24          4          0       1087   system_stm32f4xx.o
       240         28          0          0        144       2241   tim.o
       312         34          0          0        136       2375   usart.o

    ----------------------------------------------------------------------
      9548        672       2624         40       3352     545477   Object Totals
         0          0         32          0          0          0   (incl. Generated)
        22          0          0          2          0          0   (incl. Padding)

    ----------------------------------------------------------------------

      Code (inc. data)   RO Data    RW Data    ZI Data      Debug   Library Member Name

         8          0          0          0          0         68   __main.o
       392          4         17          0          0         92   __printf_flags_ss_wp.o
        14          0          0          0          0         68   __printf_wp.o
         0          0          0          0          0          0   __rtentry.o
        12          0          0          0          0          0   __rtentry2.o
         6          0          0          0          0          0   __rtentry4.o
        52          8          0          0          0          0   __scatter.o
        26          0          0          0          0          0   __scatter_copy.o
        28          0          0          0          0          0   __scatter_zi.o
         6          0          0          0          0          0   _printf_a.o
         6          0          0          0          0          0   _printf_c.o
        44          0          0          0          0        108   _printf_char.o
        48          6          0          0          0         96   _printf_char_common.o
        40          0          0          0          0         68   _printf_charcount.o
         6          0          0          0          0          0   _printf_d.o
       120         16          0          0          0         92   _printf_dec.o
         6          0          0          0          0          0   _printf_e.o
         6          0          0          0          0          0   _printf_f.o
      1054          0          0          0          0        216   _printf_fp_dec.o
       764          8         38          0          0        100   _printf_fp_hex.o
       128         16          0          0          0         84   _printf_fp_infnan.o
         6          0          0          0          0          0   _printf_g.o
       148          4         40          0          0        160   _printf_hex_int_ll_ptr.o
         6          0          0          0          0          0   _printf_i.o
       178          0          0          0          0         88   _printf_intcommon.o
        10          0          0          0          0          0   _printf_l.o
         6          0          0          0          0          0   _printf_lc.o
        10          0          0          0          0          0   _printf_ll.o
         6          0          0          0          0          0   _printf_lld.o
         6          0          0          0          0          0   _printf_lli.o
         6          0          0          0          0          0   _printf_llo.o
         6          0          0          0          0          0   _printf_llu.o
         6          0          0          0          0          0   _printf_llx.o
       124         16          0          0          0         92   _printf_longlong_dec.o
         6          0          0          0          0          0   _printf_ls.o
         6          0          0          0          0          0   _printf_n.o
         6          0          0          0          0          0   _printf_o.o
       112         10          0          0          0        124   _printf_oct_int_ll.o
         6          0          0          0          0          0   _printf_p.o
        78          0          0          0          0        108   _printf_pad.o
         0          0          0          0          0          0   _printf_percent.o
         4          0          0          0          0          0   _printf_percent_end.o
         6          0          0          0          0          0   _printf_s.o
        82          0          0          0          0         80   _printf_str.o
        36          0          0          0          0         84   _printf_truncate.o
         6          0          0          0          0          0   _printf_u.o
        44          0          0          0          0        108   _printf_wchar.o
       188          6          8          0          0         92   _printf_wctomb.o
         6          0          0          0          0          0   _printf_x.o
        10          0          0          0          0         68   _sputc.o
        64          0          0          0          0         92   _wcrtomb.o
       228          4        148          0          0         96   bigflt0.o
      1936        128          0          0          0        672   btod.o
        18          0          0          0          0         80   exit.o
         6          0          0          0          0        152   heapauxi.o
         0          0          0          0          0          0   indicate_semi.o
        44         10        272          0          0         76   lc_ctype_c.o
        44         10         28          0          0         76   lc_numeric_c.o
         2          0          0          0          0          0   libinit.o
        34          0          0          0          0          0   libinit2.o
         2          0          0          0          0          0   libshutdown.o
         2          0          0          0          0          0   libshutdown2.o
         8          4          0          0         96         68   libspace.o
       138          0          0          0          0         80   lludiv10.o
       238          0          0          0          0        100   lludivv7m.o
        16          4          0          0          0         76   rt_ctype_table.o
         8          4          0          0          0         68   rt_locale_intlibspace.o
        78          0          0          0          0         80   rt_memclr_w.o
         2          0          0          0          0          0   rtexit.o
        10          0          0          0          0          0   rtexit2.o
       128          0          0          0          0         68   strcmpv7m.o
        12          4          0          0          0         68   sys_exit.o
        74          0          0          0          0         80   sys_stackheap_outer.o
         2          0          0          0          0         68   use_no_semi.o
        36          4          0          0          0         76   vsprintf.o
        10          0          0          0          0        116   fpinit.o
         4          0          0          0          0        116   printf1.o
         4          0          0          0          0        116   printf2.o
         0          0          0          0          0          0   usenofp.o
        48          0          0          0          0        124   fpclassify.o

    ----------------------------------------------------------------------
      7090        266        554          0         96       4544   Library Totals
        14          0          3          0          0          0   (incl. Padding)

    ----------------------------------------------------------------------

      Code (inc. data)   RO Data    RW Data    ZI Data      Debug   Library Name

      7010        266        551          0         96       4072   c_w.l
        18          0          0          0          0        348   fz_wm.l
        48          0          0          0          0        124   m_wm.l

    ----------------------------------------------------------------------
      7090        266        554          0         96       4544   Library Totals

    ----------------------------------------------------------------------

==============================================================================


      Code (inc. data)   RO Data    RW Data    ZI Data      Debug   

     16638        938       3178         40       3448     537037   Grand Totals
     16638        938       3178         40       3448     537037   ELF Image Totals
     16638        938       3178         40          0          0   ROM Totals

==============================================================================

    Total RO  Size (Code + RO Data)                19816 (  19.35kB)
    Total RW  Size (RW Data + ZI Data)              3488 (   3.41kB)
    Total ROM Size (Code + RO Data + RW Data)      19856 (  19.39kB)

==============================================================================

